Microchip MPLAB XC8 Compiler V2.41

Linker command line:

-W-3 \
  --edf=C:/Users/Miguel-Notebook/.mchp_packs/Microchip/PIC18F-K_DFP/1.9.255/xc8\pic\dat\20230322203701_en.msgs \
  -cn -h+dist/default/production\Timer0.X.production.sym \
  --cmf=dist/default/production\Timer0.X.production.cmf -z -Q18F45K50 \
  -oC:\Users\MIGUEL~1\AppData\Local\Temp\xcAs50c.\driver_tmp_3.o \
  --defsym=__MPLAB_BUILD=1 --fixupoverflow=error \
  -Mdist/default/production/Timer0.X.production.map \
  --md=C:\Users\MIGUEL~1\AppData\Local\Temp\xcAs50c.\driver_tmp_0.dat -E1 \
  -ver=XC8 Compiler --acfsm=1493 -ACODE=00h-07FFFh -ACONST=00h-07FFFh \
  -ASMALLCONST=0800h-08FFhx120 -AMEDIUMCONST=0800h-07FFFh -ACOMRAM=01h-05Fh \
  -AABS1=00h-07FFh -ABIGRAM=01h-07FFh -ARAM=060h-0FFh,0100h-01FFhx7 \
  -ABANK0=060h-0FFh -ABANK1=0100h-01FFh -ABANK2=0200h-02FFh \
  -ABANK3=0300h-03FFh -ABANK4=0400h-04FFh -ABANK5=0500h-05FFh \
  -ABANK6=0600h-06FFh -ABANK7=0700h-07FFh -ASFR=0F53h-0F5Fh,0F60h-0FFFh \
  -ABIGSFR=0F53h-0FFFh -ACONFIG=0300000h-030000Dh -AIDLOC=0200000h-0200007h \
  -AEEDATA=0F00000h-0F000FFh -peeprom_data=EEDATA \
  -preset_vec=00h,intcode=08h,intcodelo,powerup,init -pramtop=0800h \
  -psmallconst=SMALLCONST -pmediumconst=MEDIUMCONST -pconst=CONST \
  -AFARRAM=00h-00h \
  -prdata=COMRAM,nvrram=COMRAM,nvbit=COMRAM,rbss=COMRAM,rbit=COMRAM \
  -pfarbss=FARRAM,fardata=FARRAM,nvFARRAM=FARRAM \
  -pintsave_regs=BIGRAM,bigbss=BIGRAM,bigdata=BIGRAM -pbss=RAM \
  -pidata=CODE,irdata=CODE,ibigdata=CODE,ifardata=CODE -prparam=COMRAM \
  C:\Users\MIGUEL~1\AppData\Local\Temp\xcAs50c.\driver_tmp_9.o \
  dist/default/production\Timer0.X.production.o 

Object code version is 3.11

Machine type is 18F45K50



                Name                               Link     Load   Length Selector   Space Scale
C:\Users\MIGUEL~1\AppData\Local\Temp\xcAs50c.\driver_tmp_9.o
                config                           300000   300000        E        0       4
                init                                 56       56        4        4       0
                reset_vec                             0        0        4        0       0
dist/default/production\Timer0.X.production.o
                intcode                               8        8       4E        4       0
                config                           300000   300000        E        0       4
                temp                                 1E       1E        1        1       1
                smallconst                          800      800       1E      400       0
                text15                              B0C      B0C       5C      40F       0
                text14                              CCA      CCA       20      40F       0
                text13                              8F0      8F0       D2      40F       0
                text12                              C48      C48       34      40F       0
                text11                              BBE      BBE       56      40F       0
                text9                               CEA      CEA       1C      40F       0
                text8                               AB0      AB0       5C      40F       0
                text7                               CAA      CAA       20      40F       0
                text6                               D1E      D1E        E      40F       0
                text5                               9C2      9C2       82      40F       0
                text4                               81E      81E       D2      40F       0
                text3                               C14      C14       34      40F       0
                text2                               B68      B68       56      40F       0
                text1                               D06      D06       18      40F       0
                text0                               A44      A44       6C      40F       0
                cstackCOMRAM                          1        1       19        1       1
                dataCOMRAM                           1A       1A        4        1       1
                cinit                               C7C      C7C       2E      40F       0
                idataCOMRAM                         D2C      D2C        4      40F       0

TOTAL           Name                               Link     Load   Length     Space
        CLASS   CODE           
                intcode                               8        8       4E         0
                init                                 56       56        4         0
                reset_vec                             0        0        4         0
                text15                              B0C      B0C       5C         0
                text14                              CCA      CCA       20         0
                text13                              8F0      8F0       D2         0
                text12                              C48      C48       34         0
                text11                              BBE      BBE       56         0
                text9                               CEA      CEA       1C         0
                text8                               AB0      AB0       5C         0
                text7                               CAA      CAA       20         0
                text6                               D1E      D1E        E         0
                text5                               9C2      9C2       82         0
                text4                               81E      81E       D2         0
                text3                               C14      C14       34         0
                text2                               B68      B68       56         0
                text1                               D06      D06       18         0
                text0                               A44      A44       6C         0
                cinit                               C7C      C7C       2E         0
                idataCOMRAM                         D2C      D2C        4         0

        CLASS   CONST          

        CLASS   SMALLCONST     
                smallconst                          800      800       1E         0

        CLASS   MEDIUMCONST    

        CLASS   COMRAM         
                temp                                 1E       1E        1         1
                cstackCOMRAM                          1        1       19         1
                dataCOMRAM                           1A       1A        4         1

        CLASS   ABS1           

        CLASS   BIGRAM         

        CLASS   RAM            

        CLASS   BANK0          

        CLASS   BANK1          

        CLASS   BANK2          

        CLASS   BANK3          

        CLASS   BANK4          

        CLASS   BANK5          

        CLASS   BANK6          

        CLASS   BANK7          

        CLASS   SFR            

        CLASS   BIGSFR         

        CLASS   CONFIG         
                config                           300000   300000        E         4

        CLASS   IDLOC          

        CLASS   EEDATA         

        CLASS   FARRAM         

        CLASS   HEAP           

        CLASS   STACK          



SEGMENTS        Name                           Load    Length   Top    Selector   Space  Class

                reset_vec                      000000  000004  000004         0       0  CODE    
                cstackCOMRAM                   000001  00001E  00001F         1       1  COMRAM  
                intcode                        000008  000052  00005A         4       0  CODE    
                smallconst                     000800  00001E  00081E       400       0  SMALLCON
                text4                          00081E  000512  000D30       40F       0  CODE    


UNUSED ADDRESS RANGES

        Name                Unused          Largest block    Delta
        BANK0            000060-0000FF               A0
        BANK1            000100-0001FF              100
        BANK2            000200-0002FF              100
        BANK3            000300-0003FF              100
        BANK4            000400-0004FF              100
        BANK5            000500-0005FF              100
        BANK6            000600-0006FF              100
        BANK7            000700-0007FF              100
        BIGRAM           00001F-0007FF              7E1
        BIGSFR           000F53-000FFF               AD
        CODE             000004-000007                4
                         00005A-0007FF              7A6
                         000D30-007FFF             72D0
        COMRAM           00001F-00005F               41
        CONST            000004-000007                4
                         00005A-0007FF              7A6
                         000D30-007FFF             72D0
        EEDATA           F00000-F000FF              100
        IDLOC            200000-200007                8
        MEDIUMCONST      000D30-007FFF             72D0
        RAM              000060-0007FF              100
        SFR              000F53-000FFF                D
        SMALLCONST       000D30-007FFF              100

                                  Symbol Table

Lcd_Cmd@a                   cstackCOMRAM 000011
Lcd_Port@a                  cstackCOMRAM 00000F
Lcd_Set_Cursor@a            cstackCOMRAM 000013
Lcd_Set_Cursor@b            cstackCOMRAM 000012
Lcd_Set_Cursor@temp         cstackCOMRAM 000016
Lcd_Set_Cursor@y            cstackCOMRAM 000015
Lcd_Set_Cursor@z            cstackCOMRAM 000014
Lcd_Write_Char@a            cstackCOMRAM 000012
Lcd_Write_Char@temp         cstackCOMRAM 000010
Lcd_Write_Char@y            cstackCOMRAM 000011
Lcd_Write_String@a          cstackCOMRAM 000013
Lcd_Write_String@i          cstackCOMRAM 000017
_ANSELA                     (abs)        000F5B
_ANSELC                     (abs)        000F5D
_INTCONbits                 (abs)        000FF2
_ISR_timer0                 intcode      000008
_InitPort                   text9        000CEA
_LATA                       (abs)        000F89
_LATAbits                   (abs)        000F89
_LATC                       (abs)        000F8B
_LATDbits                   (abs)        000F8C
_Lcd_Clear                  text6        000D1E
_Lcd_Cmd                    text7        000CAA
_Lcd_Init                   text5        0009C2
_Lcd_Port                   text8        000AB0
_Lcd_Set_Cursor             text4        00081E
_Lcd_Write_Char             text3        000C14
_Lcd_Write_String           text2        000B68
_PORTCbits                  (abs)        000F82
_T0CONbits                  (abs)        000FD5
_TMR0H                      (abs)        000FD7
_TMR0L                      (abs)        000FD6
_TRISA                      (abs)        000F92
_TRISC                      (abs)        000F94
_TRISDbits                  (abs)        000F95
_Timer0                     text1        000D06
__HRAM                      (abs)        000000
__H__absolute__             __absolute__ 000000
__Habs1                     abs1         000000
__Hbank0                    bank0        000000
__Hbank1                    bank1        000000
__Hbank2                    bank2        000000
__Hbank3                    bank3        000000
__Hbank4                    bank4        000000
__Hbank5                    bank5        000000
__Hbank6                    bank6        000000
__Hbank7                    bank7        000000
__Hbigbss                   bigbss       000000
__Hbigdata                  bigdata      000000
__Hbigram                   bigram       000000
__Hbigsfr                   bigsfr       000000
__Hbss                      bss          000000
__Hcinit                    cinit        000000
__Hclrtext                  clrtext      000000
__Hcomram                   comram       000000
__Hconfig                   config       30000E
__Hconst                    const        000000
__HcstackCOMRAM             cstackCOMRAM 000000
__Hdata                     data         000000
__HdataCOMRAM               dataCOMRAM   000000
__Heeprom_data              eeprom_data  000000
__Hfarbss                   farbss       000000
__Hfardata                  fardata      000000
__Hheap                     heap         000000
__Hibigdata                 ibigdata     000000
__Hidata                    idata        000000
__HidataCOMRAM              idataCOMRAM  000000
__Hidloc                    idloc        000000
__Hifardata                 ifardata     000000
__Hinit                     init         00005A
__Hintcode                  intcode      000056
__Hintcode_body             intcode_body 000000
__Hintcodelo                intcodelo    000056
__Hintentry                 intentry     000000
__Hintret                   intret       000000
__Hintsave_regs             intsave_regs 000000
__Hirdata                   irdata       000000
__Hmediumconst              mediumconst  000000
__HnvFARRAM                 nvFARRAM     000000
__Hnvbit                    nvbit        000000
__Hnvrram                   nvrram       000000
__Hparam                    rparam       000000
__Hpowerup                  powerup      000056
__Hram                      ram          000000
__Hramtop                   ramtop       000800
__Hrbit                     rbit         000000
__Hrbss                     rbss         000000
__Hrdata                    rdata        000000
__Hreset_vec                reset_vec    000004
__Hrparam                   rparam       000000
__Hsfr                      sfr          000000
__Hsmallconst               smallconst   00081E
__Hspace_0                  (abs)        000D30
__Hspace_1                  (abs)        00001F
__Hspace_2                  (abs)        000000
__Hspace_4                  (abs)        60000E
__Hstack                    stack        000000
__Hstruct                   struct       000000
__Htemp                     temp         00001F
__Htext                     text         000000
__Htext0                    text0        000000
__Htext1                    text1        000000
__Htext11                   text11       000000
__Htext12                   text12       000000
__Htext13                   text13       000000
__Htext14                   text14       000000
__Htext15                   text15       000000
__Htext2                    text2        000000
__Htext3                    text3        000000
__Htext4                    text4        000000
__Htext5                    text5        000000
__Htext6                    text6        000000
__Htext7                    text7        000000
__Htext8                    text8        000000
__Htext9                    text9        000000
__LRAM                      (abs)        000001
__L__absolute__             __absolute__ 000000
__Labs1                     abs1         000000
__Lbank0                    bank0        000000
__Lbank1                    bank1        000000
__Lbank2                    bank2        000000
__Lbank3                    bank3        000000
__Lbank4                    bank4        000000
__Lbank5                    bank5        000000
__Lbank6                    bank6        000000
__Lbank7                    bank7        000000
__Lbigbss                   bigbss       000000
__Lbigdata                  bigdata      000000
__Lbigram                   bigram       000000
__Lbigsfr                   bigsfr       000000
__Lbss                      bss          000000
__Lcinit                    cinit        000000
__Lclrtext                  clrtext      000000
__Lcomram                   comram       000000
__Lconfig                   config       000000
__Lconst                    const        000000
__LcstackCOMRAM             cstackCOMRAM 000000
__Ldata                     data         000000
__LdataCOMRAM               dataCOMRAM   000000
__Leeprom_data              eeprom_data  000000
__Lfarbss                   farbss       000000
__Lfardata                  fardata      000000
__Lheap                     heap         000000
__Libigdata                 ibigdata     000000
__Lidata                    idata        000000
__LidataCOMRAM              idataCOMRAM  000000
__Lidloc                    idloc        000000
__Lifardata                 ifardata     000000
__Linit                     init         000056
__Lintcode                  intcode      000008
__Lintcode_body             intcode_body 000000
__Lintcodelo                intcodelo    000056
__Lintentry                 intentry     000000
__Lintret                   intret       000000
__Lintsave_regs             intsave_regs 000000
__Lirdata                   irdata       000000
__Lmediumconst              mediumconst  000000
__LnvFARRAM                 nvFARRAM     000000
__Lnvbit                    nvbit        000000
__Lnvrram                   nvrram       000000
__Lparam                    rparam       000000
__Lpowerup                  powerup      000056
__Lram                      ram          000000
__Lramtop                   ramtop       000800
__Lrbit                     rbit         000000
__Lrbss                     rbss         000000
__Lrdata                    rdata        000000
__Lreset_vec                reset_vec    000000
__Lrparam                   rparam       000000
__Lsfr                      sfr          000000
__Lsmallconst               smallconst   000800
__Lspace_0                  (abs)        000000
__Lspace_1                  (abs)        000000
__Lspace_2                  (abs)        000000
__Lspace_4                  (abs)        000000
__Lstack                    stack        000000
__Lstruct                   struct       000000
__Ltemp                     temp         00001E
__Ltext                     text         000000
__Ltext0                    text0        000000
__Ltext1                    text1        000000
__Ltext11                   text11       000000
__Ltext12                   text12       000000
__Ltext13                   text13       000000
__Ltext14                   text14       000000
__Ltext15                   text15       000000
__Ltext2                    text2        000000
__Ltext3                    text3        000000
__Ltext4                    text4        000000
__Ltext5                    text5        000000
__Ltext6                    text6        000000
__Ltext7                    text7        000000
__Ltext8                    text8        000000
__Ltext9                    text9        000000
__S0                        (abs)        000D30
__S1                        (abs)        00001F
__S4                        (abs)        000000
__S5                        (abs)        000000
___heap_hi                  (abs)        000000
___heap_lo                  (abs)        000000
___inthi_sp                 stack        000000
___intlo_sp                 stack        000000
___param_bank               (abs)        000000
___rparam_used              (abs)        000001
___sp                       stack        000000
__accesstop                 (abs)        000060
__activetblptr              (abs)        000002
__end_of_ISR_timer0         intcode      000056
__end_of_InitPort           text9        000D06
__end_of_Lcd_Clear          text6        000D2C
__end_of_Lcd_Cmd            text7        000CCA
__end_of_Lcd_Init           text5        000A44
__end_of_Lcd_Port           text8        000B0C
__end_of_Lcd_Set_Cursor     text4        0008F0
__end_of_Lcd_Write_Char     text3        000C48
__end_of_Lcd_Write_String   text2        000BBE
__end_of_Timer0             text1        000D1E
__end_of__initialization    cinit        000C9C
__end_of_main               text0        000AB0
__end_ofi2_Lcd_Cmd          text14       000CEA
__end_ofi2_Lcd_Port         text15       000B68
__end_ofi2_Lcd_Set_Cursor   text13       0009C2
__end_ofi2_Lcd_Write_Char   text12       000C7C
__end_ofi2_Lcd_Write_String text11       000C14
__initialization            cinit        000C7C
__mediumconst               mediumconst  000000
__pcinit                    cinit        000C7C
__pcstackCOMRAM             cstackCOMRAM 000001
__pdataCOMRAM               dataCOMRAM   00001A
__pidataCOMRAM              idataCOMRAM  000D2C
__pintcode                  intcode      000008
__psmallconst               smallconst   000800
__ptext0                    text0        000A44
__ptext1                    text1        000D06
__ptext11                   text11       000BBE
__ptext12                   text12       000C48
__ptext13                   text13       0008F0
__ptext14                   text14       000CCA
__ptext15                   text15       000B0C
__ptext2                    text2        000B68
__ptext3                    text3        000C14
__ptext4                    text4        00081E
__ptext5                    text5        0009C2
__ptext6                    text6        000D1E
__ptext7                    text7        000CAA
__ptext8                    text8        000AB0
__ptext9                    text9        000CEA
__ramtop                    ramtop       000800
__smallconst                smallconst   000800
_carga                      dataCOMRAM   00001A
_main                       text0        000A44
btemp                       temp         00001E
end_of_initialization       cinit        000C9C
i2Lcd_Cmd@a                 cstackCOMRAM 000003
i2Lcd_Port@a                cstackCOMRAM 000001
i2Lcd_Set_Cursor@a          cstackCOMRAM 000005
i2Lcd_Set_Cursor@b          cstackCOMRAM 000004
i2Lcd_Set_Cursor@temp       cstackCOMRAM 000008
i2Lcd_Set_Cursor@y          cstackCOMRAM 000007
i2Lcd_Set_Cursor@z          cstackCOMRAM 000006
i2Lcd_Write_Char@a          cstackCOMRAM 000004
i2Lcd_Write_Char@temp       cstackCOMRAM 000002
i2Lcd_Write_Char@y          cstackCOMRAM 000003
i2Lcd_Write_String@a        cstackCOMRAM 000005
i2Lcd_Write_String@i        cstackCOMRAM 000009
i2_Lcd_Cmd                  text14       000CCA
i2_Lcd_Port                 text15       000B0C
i2_Lcd_Set_Cursor           text13       0008F0
i2_Lcd_Write_Char           text12       000C48
i2_Lcd_Write_String         text11       000BBE
int$flags                   temp         00001E
intlevel0                   text         000000
intlevel1                   text         000000
intlevel2                   text         000000
intlevel3                   text         000000
isa$std                     (abs)        000001
isa$xinst                   (abs)        000000
stackhi                     (abs)        000000
stacklo                     (abs)        000000
start                       init         000056
start_initialization        cinit        000C7C
ttemp5                      temp         00001F
ttemp6                      temp         000022
ttemp7                      temp         000026
wtemp8                      temp         00001F


MODULE INFORMATION

Module		Function		Class		Link	Load	Size
condigoprincipal.c
		_InitPort      		CODE           	0CEA	0000	28
		_main          		CODE           	0A44	0000	108
		_ISR_timer0    		CODE           	0008	0000	78
		_Timer0        		CODE           	0D06	0000	24

condigoprincipal.c estimated size: 238

shared
		i2_Lcd_Write_Char		CODE           	0C48	0000	52
		i2_Lcd_Port    		CODE           	0B0C	0000	92
		i2_Lcd_Cmd     		CODE           	0CCA	0000	32
		__initialization		CODE           	0C7C	0000	32
		i2_Lcd_Set_Cursor		CODE           	08F0	0000	210
		i2_Lcd_Write_String		CODE           	0BBE	0000	86

shared estimated size: 504

lcd.c
		_Lcd_Write_String		CODE           	0B68	0000	86
		_Lcd_Init      		CODE           	09C2	0000	130
		_Lcd_Write_Char		CODE           	0C14	0000	52
		_Lcd_Cmd       		CODE           	0CAA	0000	32
		_Lcd_Set_Cursor		CODE           	081E	0000	210
		_Lcd_Clear     		CODE           	0D1E	0000	14
		_Lcd_Port      		CODE           	0AB0	0000	92

lcd.c estimated size: 616

