Microchip MPLAB XC8 Compiler V2.41

Linker command line:

-W-3 \
  --edf=C:/Users/Miguel-Notebook/.mchp_packs/Microchip/PIC18F-K_DFP/1.9.255/xc8\pic\dat\20230322203701_en.msgs \
  -cn -h+dist/default/production\adc_lcd.X.production.sym \
  --cmf=dist/default/production\adc_lcd.X.production.cmf -z -Q18F45K50 \
  -oC:\Users\MIGUEL~1\AppData\Local\Temp\xcAs67o.\driver_tmp_3.o \
  --defsym=__MPLAB_BUILD=1 --fixupoverflow=error \
  -Mdist/default/production/adc_lcd.X.production.map \
  --md=C:\Users\MIGUEL~1\AppData\Local\Temp\xcAs67o.\driver_tmp_0.dat -E1 \
  -ver=XC8 Compiler --acfsm=1493 -ACODE=00h-07FFFh -ACONST=00h-07FFFh \
  -ASMALLCONST=0800h-08FFhx120 -AMEDIUMCONST=0800h-07FFFh -ACOMRAM=01h-05Fh \
  -AABS1=00h-07FFh -ABIGRAM=01h-07FFh -ARAM=060h-0FFh,0100h-01FFhx7 \
  -ABANK0=060h-0FFh -ABANK1=0100h-01FFh -ABANK2=0200h-02FFh \
  -ABANK3=0300h-03FFh -ABANK4=0400h-04FFh -ABANK5=0500h-05FFh \
  -ABANK6=0600h-06FFh -ABANK7=0700h-07FFh -ASFR=0F53h-0F5Fh,0F60h-0FFFh \
  -ABIGSFR=0F53h-0FFFh -ACONFIG=0300000h-030000Dh -AIDLOC=0200000h-0200007h \
  -AEEDATA=0F00000h-0F000FFh -peeprom_data=EEDATA \
  -preset_vec=00h,intcode,intcodelo,powerup,init -pramtop=0800h \
  -psmallconst=SMALLCONST -pmediumconst=MEDIUMCONST -pconst=CONST \
  -AFARRAM=00h-00h \
  -prdata=COMRAM,nvrram=COMRAM,nvbit=COMRAM,rbss=COMRAM,rbit=COMRAM \
  -pfarbss=FARRAM,fardata=FARRAM,nvFARRAM=FARRAM \
  -pintsave_regs=BIGRAM,bigbss=BIGRAM,bigdata=BIGRAM -pbss=RAM \
  -pidata=CODE,irdata=CODE,ibigdata=CODE,ifardata=CODE -prparam=COMRAM \
  C:\Users\MIGUEL~1\AppData\Local\Temp\xcAs67o.\driver_tmp_14.o \
  dist/default/production\adc_lcd.X.production.o 

Object code version is 3.11

Machine type is 18F45K50



                Name                               Link     Load   Length Selector   Space Scale
C:\Users\MIGUEL~1\AppData\Local\Temp\xcAs67o.\driver_tmp_14.o
                config                           300000   300000        E        0       4
                init                                  0        0        4        0       0
dist/default/production\adc_lcd.X.production.o
                config                           300000   300000        E        0       4
                smallconst                          800      800       26      400       0
                text32                             2EB4     2EB4       5C      413       0
                text31                             3180     3180       20      413       0
                text30                             31B6     31B6        E      413       0
                text29                             2CD4     2CD4       82      413       0
                text28                             29C8     29C8       D2      413       0
                text27                             3104     3104       34      413       0
                text26                             2D56     2D56       7E      413       0
                text25                             23F8     23F8      1B4      413       0
                text24                             31A0     31A0       16      413       0
                text23                             1B72     1B72      39A      413       0
                text22                             2C2A     2C2A       AA      413       0
                text21                             27C6     27C6      104      413       0
                text20                             1748     1748      42A      413       0
                text19                             30CC     30CC       38      413       0
                text18                             1288     1288      4C0      413       0
                text17                             3002     3002       46      413       0
                text16                             26C0     26C0      106      413       0
                text15                             28CA     28CA       FE      413       0
                text14                             21E6     21E6      212      413       0
                text13                             2E4E     2E4E       66      413       0
                text12                             2FB2     2FB2       50      413       0
                text11                             31C4     31C4        2      413       0
                text10                             2A9A     2A9A       CA      413       0
                text9                              3048     3048       44      413       0
                text8                              2DD4     2DD4       7A      413       0
                text7                              308C     308C       40      413       0
                text6                               826      826      A62      413       0
                text5                              3138     3138       26      413       0
                text4                              2B64     2B64       C6      413       0
                text3                              1F0C     1F0C      2DA      413       0
                text2                              2F10     2F10       52      413       0
                text1                              2F62     2F62       50      413       0
                text0                              25AC     25AC      114      413       0
                cstackCOMRAM                          1        1       5F        1       1
                cstackBANK0                          60       60       5B       60       1
                bssBANK1                            100      100       50      100       1
                bssBANK0                             BB       BB       27       60       1
                cinit                              315E     315E       22      413       0

TOTAL           Name                               Link     Load   Length     Space
        CLASS   CODE           
                init                                  0        0        4         0
                text32                             2EB4     2EB4       5C         0
                text31                             3180     3180       20         0
                text30                             31B6     31B6        E         0
                text29                             2CD4     2CD4       82         0
                text28                             29C8     29C8       D2         0
                text27                             3104     3104       34         0
                text26                             2D56     2D56       7E         0
                text25                             23F8     23F8      1B4         0
                text24                             31A0     31A0       16         0
                text23                             1B72     1B72      39A         0
                text22                             2C2A     2C2A       AA         0
                text21                             27C6     27C6      104         0
                text20                             1748     1748      42A         0
                text19                             30CC     30CC       38         0
                text18                             1288     1288      4C0         0
                text17                             3002     3002       46         0
                text16                             26C0     26C0      106         0
                text15                             28CA     28CA       FE         0
                text14                             21E6     21E6      212         0
                text13                             2E4E     2E4E       66         0
                text12                             2FB2     2FB2       50         0
                text11                             31C4     31C4        2         0
                text10                             2A9A     2A9A       CA         0
                text9                              3048     3048       44         0
                text8                              2DD4     2DD4       7A         0
                text7                              308C     308C       40         0
                text6                               826      826      A62         0
                text5                              3138     3138       26         0
                text4                              2B64     2B64       C6         0
                text3                              1F0C     1F0C      2DA         0
                text2                              2F10     2F10       52         0
                text1                              2F62     2F62       50         0
                text0                              25AC     25AC      114         0
                cinit                              315E     315E       22         0

        CLASS   CONST          

        CLASS   SMALLCONST     
                smallconst                          800      800       26         0

        CLASS   MEDIUMCONST    

        CLASS   COMRAM         
                cstackCOMRAM                          1        1       5F         1

        CLASS   ABS1           

        CLASS   BIGRAM         

        CLASS   RAM            

        CLASS   BANK0          
                cstackBANK0                          60       60       5B         1
                bssBANK0                             BB       BB       27         1

        CLASS   BANK1          
                bssBANK1                            100      100       50         1

        CLASS   BANK2          

        CLASS   BANK3          

        CLASS   BANK4          

        CLASS   BANK5          

        CLASS   BANK6          

        CLASS   BANK7          

        CLASS   SFR            

        CLASS   BIGSFR         

        CLASS   CONFIG         
                config                           300000   300000        E         4

        CLASS   IDLOC          

        CLASS   EEDATA         

        CLASS   FARRAM         

        CLASS   HEAP           

        CLASS   STACK          



SEGMENTS        Name                           Load    Length   Top    Selector   Space  Class

                reset_vec                      000000  000004  000004         0       0  CODE    
                cstackCOMRAM                   000001  00005F  000060         1       1  COMRAM  
                cstackBANK0                    000060  000082  0000E2        60       1  BANK0   
                bssBANK1                       000100  000050  000150       100       1  BANK1   
                smallconst                     000800  000026  000826       400       0  SMALLCON
                text6                          000826  0029A0  0031C6       413       0  CODE    


UNUSED ADDRESS RANGES

        Name                Unused          Largest block    Delta
        BANK0            0000E2-0000FF               1E
        BANK1            000150-0001FF               B0
        BANK2            000200-0002FF              100
        BANK3            000300-0003FF              100
        BANK4            000400-0004FF              100
        BANK5            000500-0005FF              100
        BANK6            000600-0006FF              100
        BANK7            000700-0007FF              100
        BIGRAM           0000E2-0000FF               1E
                         000150-0007FF              6B0
        BIGSFR           000F53-000FFF               AD
        CODE             000004-0007FF              7FC
                         0031C6-007FFF             4E3A
        CONST            000004-0007FF              7FC
                         0031C6-007FFF             4E3A
        EEDATA           F00000-F000FF              100
        IDLOC            200000-200007                8
        MEDIUMCONST      0031C6-007FFF             4E3A
        RAM              0000E2-0000FF               1E
                         000150-0007FF              100
        SFR              000F53-000FFF                D
        SMALLCONST       0031C6-007FFF              100

                                  Symbol Table

?___fladd                   cstackCOMRAM 000001
?___fldiv                   cstackCOMRAM 000028
?___flmul                   cstackCOMRAM 00000F
?___flneg                   cstackCOMRAM 000001
?___flsub                   cstackCOMRAM 000028
?___fltol                   cstackCOMRAM 000001
?___fpclassifyf             cstackCOMRAM 000001
?___wmul                    cstackCOMRAM 000001
?___xxtofl                  cstackCOMRAM 000001
?_floorf                    cstackCOMRAM 000041
?_labs                      cstackCOMRAM 000001
?_read_prec_or_width        cstackCOMRAM 000007
?_sprintf                   cstackBANK0  0000A3
?_vfprintf                  cstackBANK0  00009B
Lcd_Cmd@a                   cstackCOMRAM 000003
Lcd_Port@a                  cstackCOMRAM 000001
Lcd_Set_Cursor@a            cstackCOMRAM 000005
Lcd_Set_Cursor@b            cstackCOMRAM 000004
Lcd_Set_Cursor@temp         cstackCOMRAM 000008
Lcd_Set_Cursor@y            cstackCOMRAM 000007
Lcd_Set_Cursor@z            cstackCOMRAM 000006
Lcd_Write_Char@a            cstackCOMRAM 000004
Lcd_Write_Char@temp         cstackCOMRAM 000002
Lcd_Write_Char@y            cstackCOMRAM 000003
Lcd_Write_String@a          cstackCOMRAM 000005
Lcd_Write_String@i          cstackCOMRAM 000009
_ADCON0                     (abs)        000FC2
_ADCON0bits                 (abs)        000FC2
_ADCON1                     (abs)        000FC1
_ADCON2                     (abs)        000FC0
_ADRESH                     (abs)        000FC4
_ADRESL                     (abs)        000FC3
_ANSELAbits                 (abs)        000F5B
_LATDbits                   (abs)        000F8C
_Lcd_Clear                  text30       0031B6
_Lcd_Cmd                    text31       003180
_Lcd_Init                   text29       002CD4
_Lcd_Port                   text32       002EB4
_Lcd_Set_Cursor             text28       0029C8
_Lcd_Write_Char             text27       003104
_Lcd_Write_String           text26       002D56
_TRISAbits                  (abs)        000F92
_TRISDbits                  (abs)        000F95
__HRAM                      (abs)        000000
__H__absolute__             __absolute__ 000000
__Habs1                     abs1         000000
__Hbank0                    bank0        000000
__Hbank1                    bank1        000000
__Hbank2                    bank2        000000
__Hbank3                    bank3        000000
__Hbank4                    bank4        000000
__Hbank5                    bank5        000000
__Hbank6                    bank6        000000
__Hbank7                    bank7        000000
__Hbigbss                   bigbss       000000
__Hbigdata                  bigdata      000000
__Hbigram                   bigram       000000
__Hbigsfr                   bigsfr       000000
__Hbss                      bss          000000
__HbssBANK0                 bssBANK0     000000
__HbssBANK1                 bssBANK1     000000
__Hcinit                    cinit        000000
__Hclrtext                  clrtext      000000
__Hcomram                   comram       000000
__Hconfig                   config       30000E
__Hconst                    const        000000
__HcstackBANK0              cstackBANK0  000000
__HcstackCOMRAM             cstackCOMRAM 000000
__Hdata                     data         000000
__Heeprom_data              eeprom_data  000000
__Hfarbss                   farbss       000000
__Hfardata                  fardata      000000
__Hheap                     heap         000000
__Hibigdata                 ibigdata     000000
__Hidata                    idata        000000
__Hidloc                    idloc        000000
__Hifardata                 ifardata     000000
__Hinit                     init         000004
__Hintcode                  intcode      000000
__Hintcode_body             intcode_body 000000
__Hintcodelo                intcodelo    000000
__Hintentry                 intentry     000000
__Hintret                   intret       000000
__Hintsave_regs             intsave_regs 000000
__Hirdata                   irdata       000000
__Hmediumconst              mediumconst  000000
__HnvFARRAM                 nvFARRAM     000000
__Hnvbit                    nvbit        000000
__Hnvrram                   nvrram       000000
__Hparam                    rparam       000000
__Hpowerup                  powerup      000000
__Hram                      ram          000000
__Hramtop                   ramtop       000800
__Hrbit                     rbit         000000
__Hrbss                     rbss         000000
__Hrdata                    rdata        000000
__Hreset_vec                reset_vec    000000
__Hrparam                   rparam       000000
__Hsfr                      sfr          000000
__Hsmallconst               smallconst   000826
__Hspace_0                  (abs)        0031C6
__Hspace_1                  (abs)        000150
__Hspace_2                  (abs)        000000
__Hspace_4                  (abs)        60000E
__Hstack                    stack        000000
__Hstruct                   struct       000000
__Htemp                     temp         000000
__Htext                     text         000000
__Htext0                    text0        000000
__Htext1                    text1        000000
__Htext10                   text10       000000
__Htext11                   text11       000000
__Htext12                   text12       000000
__Htext13                   text13       000000
__Htext14                   text14       000000
__Htext15                   text15       000000
__Htext16                   text16       000000
__Htext17                   text17       000000
__Htext18                   text18       000000
__Htext19                   text19       000000
__Htext2                    text2        000000
__Htext20                   text20       000000
__Htext21                   text21       000000
__Htext22                   text22       000000
__Htext23                   text23       000000
__Htext24                   text24       000000
__Htext25                   text25       000000
__Htext26                   text26       000000
__Htext27                   text27       000000
__Htext28                   text28       000000
__Htext29                   text29       000000
__Htext3                    text3        000000
__Htext30                   text30       000000
__Htext31                   text31       000000
__Htext32                   text32       000000
__Htext4                    text4        000000
__Htext5                    text5        000000
__Htext6                    text6        000000
__Htext7                    text7        000000
__Htext8                    text8        000000
__Htext9                    text9        000000
__LRAM                      (abs)        000001
__L__absolute__             __absolute__ 000000
__Labs1                     abs1         000000
__Lbank0                    bank0        000000
__Lbank1                    bank1        000000
__Lbank2                    bank2        000000
__Lbank3                    bank3        000000
__Lbank4                    bank4        000000
__Lbank5                    bank5        000000
__Lbank6                    bank6        000000
__Lbank7                    bank7        000000
__Lbigbss                   bigbss       000000
__Lbigdata                  bigdata      000000
__Lbigram                   bigram       000000
__Lbigsfr                   bigsfr       000000
__Lbss                      bss          000000
__LbssBANK0                 bssBANK0     000000
__LbssBANK1                 bssBANK1     000000
__Lcinit                    cinit        000000
__Lclrtext                  clrtext      000000
__Lcomram                   comram       000000
__Lconfig                   config       000000
__Lconst                    const        000000
__LcstackBANK0              cstackBANK0  000000
__LcstackCOMRAM             cstackCOMRAM 000000
__Ldata                     data         000000
__Leeprom_data              eeprom_data  000000
__Lfarbss                   farbss       000000
__Lfardata                  fardata      000000
__Lheap                     heap         000000
__Libigdata                 ibigdata     000000
__Lidata                    idata        000000
__Lidloc                    idloc        000000
__Lifardata                 ifardata     000000
__Linit                     init         000000
__Lintcode                  intcode      000000
__Lintcode_body             intcode_body 000000
__Lintcodelo                intcodelo    000000
__Lintentry                 intentry     000000
__Lintret                   intret       000000
__Lintsave_regs             intsave_regs 000000
__Lirdata                   irdata       000000
__Lmediumconst              mediumconst  000000
__LnvFARRAM                 nvFARRAM     000000
__Lnvbit                    nvbit        000000
__Lnvrram                   nvrram       000000
__Lparam                    rparam       000000
__Lpowerup                  powerup      000000
__Lram                      ram          000000
__Lramtop                   ramtop       000800
__Lrbit                     rbit         000000
__Lrbss                     rbss         000000
__Lrdata                    rdata        000000
__Lreset_vec                reset_vec    000000
__Lrparam                   rparam       000000
__Lsfr                      sfr          000000
__Lsmallconst               smallconst   000800
__Lspace_0                  (abs)        000000
__Lspace_1                  (abs)        000000
__Lspace_2                  (abs)        000000
__Lspace_4                  (abs)        000000
__Lstack                    stack        000000
__Lstruct                   struct       000000
__Ltemp                     temp         000000
__Ltext                     text         000000
__Ltext0                    text0        000000
__Ltext1                    text1        000000
__Ltext10                   text10       000000
__Ltext11                   text11       000000
__Ltext12                   text12       000000
__Ltext13                   text13       000000
__Ltext14                   text14       000000
__Ltext15                   text15       000000
__Ltext16                   text16       000000
__Ltext17                   text17       000000
__Ltext18                   text18       000000
__Ltext19                   text19       000000
__Ltext2                    text2        000000
__Ltext20                   text20       000000
__Ltext21                   text21       000000
__Ltext22                   text22       000000
__Ltext23                   text23       000000
__Ltext24                   text24       000000
__Ltext25                   text25       000000
__Ltext26                   text26       000000
__Ltext27                   text27       000000
__Ltext28                   text28       000000
__Ltext29                   text29       000000
__Ltext3                    text3        000000
__Ltext30                   text30       000000
__Ltext31                   text31       000000
__Ltext32                   text32       000000
__Ltext4                    text4        000000
__Ltext5                    text5        000000
__Ltext6                    text6        000000
__Ltext7                    text7        000000
__Ltext8                    text8        000000
__Ltext9                    text9        000000
__S0                        (abs)        0031C6
__S1                        (abs)        000150
__S4                        (abs)        000000
__S5                        (abs)        000000
___fladd                    text18       001288
___fladd@a                  cstackCOMRAM 000005
___fladd@aexp               cstackCOMRAM 00000E
___fladd@b                  cstackCOMRAM 000001
___fladd@bexp               cstackCOMRAM 00000F
___fladd@grs                cstackCOMRAM 000010
___fladd@signs              cstackCOMRAM 00000D
___fldiv                    text23       001B72
___fldiv@a                  cstackCOMRAM 00002C
___fldiv@aexp               cstackCOMRAM 000040
___fldiv@b                  cstackCOMRAM 000028
___fldiv@bexp               cstackCOMRAM 00003F
___fldiv@grs                cstackCOMRAM 00003B
___fldiv@new_exp            cstackCOMRAM 000039
___fldiv@rem                cstackCOMRAM 000034
___fldiv@sign               cstackCOMRAM 000038
___fleq                     text22       002C2A
___fleq@ff1                 cstackCOMRAM 000001
___fleq@ff2                 cstackCOMRAM 000005
___flge                     text21       0027C6
___flge@ff1                 cstackCOMRAM 000028
___flge@ff2                 cstackCOMRAM 00002C
___flmul                    text20       001748
___flmul@a                  cstackCOMRAM 000013
___flmul@aexp               cstackCOMRAM 000020
___flmul@b                  cstackCOMRAM 00000F
___flmul@bexp               cstackCOMRAM 000021
___flmul@grs                cstackCOMRAM 00001C
___flmul@prod               cstackCOMRAM 000022
___flmul@sign               cstackCOMRAM 00001B
___flmul@temp               cstackCOMRAM 000026
___flneg                    text19       0030CC
___flneg@f1                 cstackCOMRAM 000001
___flsub                    text17       003002
___flsub@a                  cstackCOMRAM 00002C
___flsub@b                  cstackCOMRAM 000028
___fltol                    text16       0026C0
___fltol@exp1               cstackCOMRAM 00000A
___fltol@f1                 cstackCOMRAM 000001
___fltol@sign1              cstackCOMRAM 000009
___fpclassifyf              text15       0028CA
___fpclassifyf@F465         bssBANK0     0000BF
___fpclassifyf@e            cstackCOMRAM 000009
___fpclassifyf@u            cstackCOMRAM 00000B
___fpclassifyf@x            cstackCOMRAM 000001
___heap_hi                  (abs)        000000
___heap_lo                  (abs)        000000
___inthi_sp                 stack        000000
___intlo_sp                 stack        000000
___param_bank               (abs)        000000
___rparam_used              (abs)        000001
___sp                       stack        000000
___wmul                     text5        003138
___wmul@multiplicand        cstackCOMRAM 000003
___wmul@multiplier          cstackCOMRAM 000001
___wmul@product             cstackCOMRAM 000005
___xxtofl                   text25       0023F8
___xxtofl@arg               cstackCOMRAM 00000B
___xxtofl@exp               cstackCOMRAM 00000A
___xxtofl@sign              cstackCOMRAM 000009
___xxtofl@val               cstackCOMRAM 000001
__accesstop                 (abs)        000060
__activetblptr              (abs)        000002
__end_of_Lcd_Clear          text30       0031C4
__end_of_Lcd_Cmd            text31       0031A0
__end_of_Lcd_Init           text29       002D56
__end_of_Lcd_Port           text32       002F10
__end_of_Lcd_Set_Cursor     text28       002A9A
__end_of_Lcd_Write_Char     text27       003138
__end_of_Lcd_Write_String   text26       002DD4
__end_of___fladd            text18       001748
__end_of___fldiv            text23       001F0C
__end_of___fleq             text22       002CD4
__end_of___flge             text21       0028CA
__end_of___flmul            text20       001B72
__end_of___flneg            text19       003104
__end_of___flsub            text17       003048
__end_of___fltol            text16       0027C6
__end_of___fpclassifyf      text15       0029C8
__end_of___wmul             text5        00315E
__end_of___xxtofl           text25       0025AC
__end_of__initialization    cinit        003176
__end_of_efgtoa             text6        001288
__end_of_floorf             text14       0023F8
__end_of_fputc              text10       002B64
__end_of_fputs              text9        00308C
__end_of_labs               text13       002EB4
__end_of_main               text0        0026C0
__end_of_memcpy             text12       003002
__end_of_pad                text8        002E4E
__end_of_putch              text11       0031C6
__end_of_read_prec_or_width text4        002C2A
__end_of_set_adc            text24       0031B6
__end_of_sprintf            text1        002FB2
__end_of_strcpy             text7        0030CC
__end_of_vfpfcnvrt          text3        0021E6
__end_of_vfprintf           text2        002F62
__initialization            cinit        00315E
__mediumconst               mediumconst  000000
__pbssBANK0                 bssBANK0     0000BB
__pbssBANK1                 bssBANK1     000100
__pcinit                    cinit        00315E
__pcstackBANK0              cstackBANK0  000060
__pcstackCOMRAM             cstackCOMRAM 000001
__psmallconst               smallconst   000800
__ptext0                    text0        0025AC
__ptext1                    text1        002F62
__ptext10                   text10       002A9A
__ptext11                   text11       0031C4
__ptext12                   text12       002FB2
__ptext13                   text13       002E4E
__ptext14                   text14       0021E6
__ptext15                   text15       0028CA
__ptext16                   text16       0026C0
__ptext17                   text17       003002
__ptext18                   text18       001288
__ptext19                   text19       0030CC
__ptext2                    text2        002F10
__ptext20                   text20       001748
__ptext21                   text21       0027C6
__ptext22                   text22       002C2A
__ptext23                   text23       001B72
__ptext24                   text24       0031A0
__ptext25                   text25       0023F8
__ptext26                   text26       002D56
__ptext27                   text27       003104
__ptext28                   text28       0029C8
__ptext29                   text29       002CD4
__ptext3                    text3        001F0C
__ptext30                   text30       0031B6
__ptext31                   text31       003180
__ptext32                   text32       002EB4
__ptext4                    text4        002B64
__ptext5                    text5        003138
__ptext6                    text6        000826
__ptext7                    text7        00308C
__ptext8                    text8        002DD4
__ptext9                    text9        003048
__ramtop                    ramtop       000800
__smallconst                smallconst   000800
_buffer                     bssBANK0     0000CE
_dbuf                       bssBANK1     000100
_efgtoa                     text6        000826
_efgtoa$898                 cstackBANK0  000066
_flags                      bssBANK0     0000CD
_floorf                     text14       0021E6
_fputc                      text10       002A9A
_fputs                      text9        003048
_labs                       text13       002E4E
_main                       text0        0025AC
_memcpy                     text12       002FB2
_pad                        text8        002DD4
_prec                       bssBANK0     0000C9
_putch                      text11       0031C4
_read_prec_or_width         text4        002B64
_set_adc                    text24       0031A0
_sprintf                    text1        002F62
_strcpy                     text7        00308C
_v_adc                      bssBANK0     0000CB
_vfpfcnvrt                  text3        001F0C
_vfprintf                   text2        002F10
_volt                       bssBANK0     0000C3
_width                      bssBANK0     0000C7
efgtoa@c                    cstackCOMRAM 00005B
efgtoa@d                    cstackBANK0  00006B
efgtoa@e                    cstackBANK0  00006F
efgtoa@f                    cstackCOMRAM 000057
efgtoa@fp                   cstackCOMRAM 000055
efgtoa@g                    cstackBANK0  000082
efgtoa@h                    cstackBANK0  000077
efgtoa@i                    cstackBANK0  00007F
efgtoa@l                    cstackBANK0  00007B
efgtoa@m                    cstackBANK0  00006D
efgtoa@mode                 cstackBANK0  000069
efgtoa@n                    cstackBANK0  000086
efgtoa@ne                   cstackBANK0  000060
efgtoa@nmode                cstackBANK0  00006A
efgtoa@ou                   cstackBANK0  000073
efgtoa@p                    cstackBANK0  000062
efgtoa@pp                   cstackBANK0  000068
efgtoa@sign                 cstackBANK0  000081
efgtoa@t                    cstackBANK0  000064
efgtoa@u                    cstackBANK0  000088
efgtoa@w                    cstackBANK0  000071
end_of_initialization       cinit        003176
floorf@F526                 bssBANK0     0000BB
floorf@e                    cstackCOMRAM 00004F
floorf@m                    cstackCOMRAM 00004B
floorf@u                    cstackCOMRAM 000051
floorf@x                    cstackCOMRAM 000041
fputc@c                     cstackCOMRAM 000001
fputc@fp                    cstackCOMRAM 000003
fputs@c                     cstackCOMRAM 00000E
fputs@fp                    cstackCOMRAM 00000C
fputs@i                     cstackCOMRAM 00000F
fputs@s                     cstackCOMRAM 00000A
intlevel0                   text         000000
intlevel1                   text         000000
intlevel2                   text         000000
intlevel3                   text         000000
isa$std                     (abs)        000001
isa$xinst                   (abs)        000000
labs@a                      cstackCOMRAM 000001
memcpy@d                    cstackCOMRAM 000007
memcpy@d1                   cstackCOMRAM 000001
memcpy@n                    cstackCOMRAM 000005
memcpy@s                    cstackCOMRAM 000009
memcpy@s1                   cstackCOMRAM 000003
memcpy@tmp                  cstackCOMRAM 00000B
pad@buf                     cstackCOMRAM 000013
pad@fp                      cstackCOMRAM 000011
pad@i                       cstackCOMRAM 000018
pad@p                       cstackCOMRAM 000015
pad@w                       cstackCOMRAM 00001A
read_prec_or_width@ap       cstackCOMRAM 000009
read_prec_or_width@c        cstackCOMRAM 00000D
read_prec_or_width@fmt      cstackCOMRAM 000007
read_prec_or_width@n        cstackCOMRAM 00000E
sprintf@ap                  cstackBANK0  0000AB
sprintf@f                   cstackBANK0  0000AD
sprintf@fmt                 cstackBANK0  0000A5
sprintf@s                   cstackBANK0  0000A3
stackhi                     (abs)        000000
stacklo                     (abs)        000000
start                       init         000000
start_initialization        cinit        00315E
strcpy@d                    cstackCOMRAM 000007
strcpy@dest                 cstackCOMRAM 000001
strcpy@s                    cstackCOMRAM 000005
strcpy@src                  cstackCOMRAM 000003
vfpfcnvrt@ap                cstackBANK0  000090
vfpfcnvrt@c                 cstackBANK0  000098
vfpfcnvrt@convarg           cstackBANK0  000092
vfpfcnvrt@cp                cstackBANK0  000099
vfpfcnvrt@done              cstackBANK0  000096
vfpfcnvrt@fmt               cstackBANK0  00008E
vfpfcnvrt@fp                cstackBANK0  00008C
vfprintf@ap                 cstackBANK0  00009F
vfprintf@cfmt               cstackBANK0  0000A1
vfprintf@fmt                cstackBANK0  00009D
vfprintf@fp                 cstackBANK0  00009B


MODULE INFORMATION

Module		Function		Class		Link	Load	Size
C:\Program Files\Microchip\xc8\v2.41\pic\sources\c99\common\__fpclassifyf.c
		___fpclassifyf 		CODE           	28CA	0000	254

C:\Program Files\Microchip\xc8\v2.41\pic\sources\c99\common\__fpclassifyf.c estimated size: 254

C:\Program Files\Microchip\xc8\v2.41\pic\sources\c99\common\floorf.c
		_floorf        		CODE           	21E6	0000	530

C:\Program Files\Microchip\xc8\v2.41\pic\sources\c99\common\floorf.c estimated size: 530

C:\Program Files\Microchip\xc8\v2.41\pic\sources\c99\common\flge.c
		___flge        		CODE           	27C6	0000	260

C:\Program Files\Microchip\xc8\v2.41\pic\sources\c99\common\flge.c estimated size: 260

C:\Program Files\Microchip\xc8\v2.41\pic\sources\c99\common\fltol.c
		___fltol       		CODE           	26C0	0000	262

C:\Program Files\Microchip\xc8\v2.41\pic\sources\c99\common\fltol.c estimated size: 262

C:\Program Files\Microchip\xc8\v2.41\pic\sources\c99\common\xxtofl.c
		___xxtofl      		CODE           	23F8	0000	436

C:\Program Files\Microchip\xc8\v2.41\pic\sources\c99\common\xxtofl.c estimated size: 436

C:\Program Files\Microchip\xc8\v2.41\pic\sources\c99\common\nf_fputc.c
		_fputc         		CODE           	2A9A	0000	202

C:\Program Files\Microchip\xc8\v2.41\pic\sources\c99\common\nf_fputc.c estimated size: 202

C:\Program Files\Microchip\xc8\v2.41\pic\sources\c99\common\strcpy.c
		_strcpy        		CODE           	308C	0000	64

C:\Program Files\Microchip\xc8\v2.41\pic\sources\c99\common\strcpy.c estimated size: 64

C:\Program Files\Microchip\xc8\v2.41\pic\sources\c99\common\nf_sprintf.c
		_sprintf       		CODE           	2F62	0000	80

C:\Program Files\Microchip\xc8\v2.41\pic\sources\c99\common\nf_sprintf.c estimated size: 80

C:\Program Files\Microchip\xc8\v2.41\pic\sources\c99\common\sprcadd.c
		___flsub       		CODE           	3002	0000	70
		___fladd       		CODE           	1288	0000	1216

C:\Program Files\Microchip\xc8\v2.41\pic\sources\c99\common\sprcadd.c estimated size: 1286

C:\Program Files\Microchip\xc8\v2.41\pic\sources\c99\common\doprnt.c
		_read_prec_or_width		CODE           	2B64	0000	198
		_vfpfcnvrt     		CODE           	1F0C	0000	730
		_efgtoa        		CODE           	0826	0000	2658
		_pad           		CODE           	2DD4	0000	122
		_vfprintf      		CODE           	2F10	0000	82

C:\Program Files\Microchip\xc8\v2.41\pic\sources\c99\common\doprnt.c estimated size: 3790

C:\Program Files\Microchip\xc8\v2.41\pic\sources\c99\common\flneg.c
		___flneg       		CODE           	30CC	0000	56

C:\Program Files\Microchip\xc8\v2.41\pic\sources\c99\common\flneg.c estimated size: 56

C:\Program Files\Microchip\xc8\v2.41\pic\sources\c99\common\fleq.c
		___fleq        		CODE           	2C2A	0000	170

C:\Program Files\Microchip\xc8\v2.41\pic\sources\c99\common\fleq.c estimated size: 170

shared
		__initialization		CODE           	315E	0000	24

shared estimated size: 24

adc_lcd.c
		_main          		CODE           	25AC	0000	276
		_set_adc       		CODE           	31A0	0000	22

adc_lcd.c estimated size: 298

C:\Program Files\Microchip\xc8\v2.41\pic\sources\c99\common\memcpy.c
		_memcpy        		CODE           	2FB2	0000	80

C:\Program Files\Microchip\xc8\v2.41\pic\sources\c99\common\memcpy.c estimated size: 80

lcd.c
		_Lcd_Write_String		CODE           	2D56	0000	126
		_Lcd_Init      		CODE           	2CD4	0000	130
		_Lcd_Write_Char		CODE           	3104	0000	52
		_Lcd_Cmd       		CODE           	3180	0000	32
		_Lcd_Set_Cursor		CODE           	29C8	0000	210
		_Lcd_Clear     		CODE           	31B6	0000	14
		_Lcd_Port      		CODE           	2EB4	0000	92

lcd.c estimated size: 656

C:\Program Files\Microchip\xc8\v2.41\pic\sources\c99\common\Umul16.c
		___wmul        		CODE           	3138	0000	38

C:\Program Files\Microchip\xc8\v2.41\pic\sources\c99\common\Umul16.c estimated size: 38

C:\Program Files\Microchip\xc8\v2.41\pic\sources\c99\common\putch.c
		_putch         		CODE           	31C4	0000	2

C:\Program Files\Microchip\xc8\v2.41\pic\sources\c99\common\putch.c estimated size: 2

C:\Program Files\Microchip\xc8\v2.41\pic\sources\c99\common\nf_fputs.c
		_fputs         		CODE           	3048	0000	68

C:\Program Files\Microchip\xc8\v2.41\pic\sources\c99\common\nf_fputs.c estimated size: 68

C:\Program Files\Microchip\xc8\v2.41\pic\sources\c99\common\labs.c
		_labs          		CODE           	2E4E	0000	102

C:\Program Files\Microchip\xc8\v2.41\pic\sources\c99\common\labs.c estimated size: 102

C:\Program Files\Microchip\xc8\v2.41\pic\sources\c99\common\sprcmul.c
		___flmul       		CODE           	1748	0000	1066

C:\Program Files\Microchip\xc8\v2.41\pic\sources\c99\common\sprcmul.c estimated size: 1066

C:\Program Files\Microchip\xc8\v2.41\pic\sources\c99\common\sprcdiv.c
		___fldiv       		CODE           	1B72	0000	922

C:\Program Files\Microchip\xc8\v2.41\pic\sources\c99\common\sprcdiv.c estimated size: 922

