Microchip MPLAB XC8 Compiler V2.41

Linker command line:

-W-3 \
  --edf=C:/Users/Miguel-Notebook/.mchp_packs/Microchip/PIC18F-K_DFP/1.9.255/xc8\pic\dat\20230322203701_en.msgs \
  -cn -h+dist/default/production\LCD_Characteres.X.production.sym \
  --cmf=dist/default/production\LCD_Characteres.X.production.cmf -z \
  -Q18F45K50 -oC:\Users\MIGUEL~1\AppData\Local\Temp\xcAs2sg.\driver_tmp_3.o \
  --defsym=__MPLAB_BUILD=1 --fixupoverflow=error \
  -Mdist/default/production/LCD_Characteres.X.production.map \
  --md=C:\Users\MIGUEL~1\AppData\Local\Temp\xcAs2sg.\driver_tmp_0.dat -E1 \
  -ver=XC8 Compiler --acfsm=1493 -ACODE=00h-07FFFh -ACONST=00h-07FFFh \
  -ASMALLCONST=0800h-08FFhx120 -AMEDIUMCONST=0800h-07FFFh -ACOMRAM=01h-05Fh \
  -AABS1=00h-07FFh -ABIGRAM=01h-07FFh -ARAM=060h-0FFh,0100h-01FFhx7 \
  -ABANK0=060h-0FFh -ABANK1=0100h-01FFh -ABANK2=0200h-02FFh \
  -ABANK3=0300h-03FFh -ABANK4=0400h-04FFh -ABANK5=0500h-05FFh \
  -ABANK6=0600h-06FFh -ABANK7=0700h-07FFh -ASFR=0F53h-0F5Fh,0F60h-0FFFh \
  -ABIGSFR=0F53h-0FFFh -ACONFIG=0300000h-030000Dh -AIDLOC=0200000h-0200007h \
  -AEEDATA=0F00000h-0F000FFh -peeprom_data=EEDATA \
  -preset_vec=00h,intcode,intcodelo,powerup,init -pramtop=0800h \
  -psmallconst=SMALLCONST -pmediumconst=MEDIUMCONST -pconst=CONST \
  -AFARRAM=00h-00h \
  -prdata=COMRAM,nvrram=COMRAM,nvbit=COMRAM,rbss=COMRAM,rbit=COMRAM \
  -pfarbss=FARRAM,fardata=FARRAM,nvFARRAM=FARRAM \
  -pintsave_regs=BIGRAM,bigbss=BIGRAM,bigdata=BIGRAM -pbss=RAM \
  -pidata=CODE,irdata=CODE,ibigdata=CODE,ifardata=CODE -prparam=COMRAM \
  C:\Users\MIGUEL~1\AppData\Local\Temp\xcAs2sg.\driver_tmp_14.o \
  dist/default/production\LCD_Characteres.X.production.o 

Object code version is 3.11

Machine type is 18F45K50



                Name                               Link     Load   Length Selector   Space Scale
C:\Users\MIGUEL~1\AppData\Local\Temp\xcAs2sg.\driver_tmp_14.o
                config                           300000   300000        E        0       4
                init                                  0        0        4        0       0
dist/default/production\LCD_Characteres.X.production.o
                config                           300000   300000        E        0       4
                smallconst                          800      800       46      400       0
                text38                             3454     3454        8      423       0
                text37                             30FE     30FE       5C      423       0
                text36                             33EE     33EE       20      423       0
                text35                             3446     3446        E      423       0
                text34                             3438     3438        E      423       0
                text33                             2E46     2E46       82      423       0
                text32                             342A     342A        E      423       0
                text31                             2B3A     2B3A       D2      423       0
                text30                             341C     341C        E      423       0
                text29                             340E     340E        E      423       0
                text28                             3394     3394       34      423       0
                text27                             2EC8     2EC8       7E      423       0
                text26                             1B94     1B94      39A      423       0
                text25                             2D9C     2D9C       AA      423       0
                text24                             2938     2938      104      423       0
                text23                             176A     176A      42A      423       0
                text22                             335C     335C       38      423       0
                text21                             12AA     12AA      4C0      423       0
                text20                             3292     3292       46      423       0
                text19                             2832     2832      106      423       0
                text18                             2A3C     2A3C       FE      423       0
                text17                             24F8     24F8      212      423       0
                text16                             3034     3034       66      423       0
                text15                             31FA     31FA       50      423       0
                text14                             3462     3462        2      423       0
                text13                             2C0C     2C0C       CA      423       0
                text12                             32D8     32D8       44      423       0
                text11                             2F46     2F46       7A      423       0
                text10                             331C     331C       40      423       0
                text9                               846      846      A64      423       0
                text8                              33C8     33C8       26      423       0
                text7                              2CD6     2CD6       C6      423       0
                text6                              2FC0     2FC0       74      423       0
                text5                              309A     309A       64      423       0
                text4                              270A     270A      128      423       0
                text3                              1F2E     1F2E      390      423       0
                text2                              31AA     31AA       50      423       0
                text1                              315A     315A       50      423       0
                text0                              22BE     22BE      23A      423       0
                cstackCOMRAM                          1        1       5B        1       1
                cstackBANK0                          60       60       3A       60       1
                bssBANK1                            100      100       50      100       1
                dataBANK0                            B8       B8        6       60       1
                bssBANK0                             9A       9A       1E       60       1
                bssCOMRAM                            5C       5C        3        1       1
                cinit                              324A     324A       48      423       0
                idataBANK0                         345C     345C        6      423       0

TOTAL           Name                               Link     Load   Length     Space
        CLASS   CODE           
                init                                  0        0        4         0
                text38                             3454     3454        8         0
                text37                             30FE     30FE       5C         0
                text36                             33EE     33EE       20         0
                text35                             3446     3446        E         0
                text34                             3438     3438        E         0
                text33                             2E46     2E46       82         0
                text32                             342A     342A        E         0
                text31                             2B3A     2B3A       D2         0
                text30                             341C     341C        E         0
                text29                             340E     340E        E         0
                text28                             3394     3394       34         0
                text27                             2EC8     2EC8       7E         0
                text26                             1B94     1B94      39A         0
                text25                             2D9C     2D9C       AA         0
                text24                             2938     2938      104         0
                text23                             176A     176A      42A         0
                text22                             335C     335C       38         0
                text21                             12AA     12AA      4C0         0
                text20                             3292     3292       46         0
                text19                             2832     2832      106         0
                text18                             2A3C     2A3C       FE         0
                text17                             24F8     24F8      212         0
                text16                             3034     3034       66         0
                text15                             31FA     31FA       50         0
                text14                             3462     3462        2         0
                text13                             2C0C     2C0C       CA         0
                text12                             32D8     32D8       44         0
                text11                             2F46     2F46       7A         0
                text10                             331C     331C       40         0
                text9                               846      846      A64         0
                text8                              33C8     33C8       26         0
                text7                              2CD6     2CD6       C6         0
                text6                              2FC0     2FC0       74         0
                text5                              309A     309A       64         0
                text4                              270A     270A      128         0
                text3                              1F2E     1F2E      390         0
                text2                              31AA     31AA       50         0
                text1                              315A     315A       50         0
                text0                              22BE     22BE      23A         0
                cinit                              324A     324A       48         0
                idataBANK0                         345C     345C        6         0

        CLASS   CONST          

        CLASS   SMALLCONST     
                smallconst                          800      800       46         0

        CLASS   MEDIUMCONST    

        CLASS   COMRAM         
                cstackCOMRAM                          1        1       5B         1
                bssCOMRAM                            5C       5C        3         1

        CLASS   ABS1           

        CLASS   BIGRAM         

        CLASS   RAM            

        CLASS   BANK0          
                cstackBANK0                          60       60       3A         1
                dataBANK0                            B8       B8        6         1
                bssBANK0                             9A       9A       1E         1

        CLASS   BANK1          
                bssBANK1                            100      100       50         1

        CLASS   BANK2          

        CLASS   BANK3          

        CLASS   BANK4          

        CLASS   BANK5          

        CLASS   BANK6          

        CLASS   BANK7          

        CLASS   SFR            

        CLASS   BIGSFR         

        CLASS   CONFIG         
                config                           300000   300000        E         4

        CLASS   IDLOC          

        CLASS   EEDATA         

        CLASS   FARRAM         

        CLASS   HEAP           

        CLASS   STACK          



SEGMENTS        Name                           Load    Length   Top    Selector   Space  Class

                reset_vec                      000000  000004  000004         0       0  CODE    
                cstackCOMRAM                   000001  00005E  00005F         1       1  COMRAM  
                cstackBANK0                    000060  00005E  0000BE        60       1  BANK0   
                bssBANK1                       000100  000050  000150       100       1  BANK1   
                smallconst                     000800  000046  000846       400       0  SMALLCON
                text9                          000846  002C1E  003464       423       0  CODE    


UNUSED ADDRESS RANGES

        Name                Unused          Largest block    Delta
        BANK0            0000BE-0000FF               42
        BANK1            000150-0001FF               B0
        BANK2            000200-0002FF              100
        BANK3            000300-0003FF              100
        BANK4            000400-0004FF              100
        BANK5            000500-0005FF              100
        BANK6            000600-0006FF              100
        BANK7            000700-0007FF              100
        BIGRAM           00005F-00005F                1
                         0000BE-0000FF               42
                         000150-0007FF              6B0
        BIGSFR           000F53-000FFF               AD
        CODE             000004-0007FF              7FC
                         003464-007FFF             4B9C
        COMRAM           00005F-00005F                1
        CONST            000004-0007FF              7FC
                         003464-007FFF             4B9C
        EEDATA           F00000-F000FF              100
        IDLOC            200000-200007                8
        MEDIUMCONST      003464-007FFF             4B9C
        RAM              0000BE-0000FF               42
                         000150-0007FF              100
        SFR              000F53-000FFF                D
        SMALLCONST       003464-007FFF              100

                                  Symbol Table

?___fladd                   cstackCOMRAM 000001
?___fldiv                   cstackCOMRAM 000001
?___flmul                   cstackCOMRAM 000001
?___flneg                   cstackCOMRAM 000001
?___flsub                   cstackCOMRAM 00001A
?___fltol                   cstackCOMRAM 000001
?___fpclassifyf             cstackCOMRAM 000001
?___lwdiv                   cstackCOMRAM 000001
?___lwmod                   cstackCOMRAM 000001
?___wmul                    cstackCOMRAM 000001
?_floorf                    cstackCOMRAM 00001A
?_labs                      cstackCOMRAM 000001
?_read_prec_or_width        cstackCOMRAM 000007
?_sprintf                   cstackBANK0  000092
?_vfprintf                  cstackBANK0  00008C
Lcd_Cmd@a                   cstackCOMRAM 000003
Lcd_Port@a                  cstackCOMRAM 000001
Lcd_Set_Cursor@a            cstackCOMRAM 000005
Lcd_Set_Cursor@b            cstackCOMRAM 000004
Lcd_Set_Cursor@temp         cstackCOMRAM 000008
Lcd_Set_Cursor@y            cstackCOMRAM 000007
Lcd_Set_Cursor@z            cstackCOMRAM 000006
Lcd_Write_Char@a            cstackCOMRAM 000004
Lcd_Write_Char@temp         cstackCOMRAM 000002
Lcd_Write_Char@y            cstackCOMRAM 000003
Lcd_Write_String@a          cstackCOMRAM 000005
Lcd_Write_String@i          cstackCOMRAM 000009
_ANSELD                     (abs)        000F5E
_InitPort                   text38       003454
_LATDbits                   (abs)        000F8C
_Lcd_Blink                  text35       003446
_Lcd_Clear                  text34       003438
_Lcd_Cmd                    text36       0033EE
_Lcd_Init                   text33       002E46
_Lcd_NoBlink                text32       00342A
_Lcd_Port                   text37       0030FE
_Lcd_Set_Cursor             text31       002B3A
_Lcd_Shift_Left             text30       00341C
_Lcd_Shift_Right            text29       00340E
_Lcd_Write_Char             text28       003394
_Lcd_Write_String           text27       002EC8
_TRISDbits                  (abs)        000F95
_TRISEbits                  (abs)        000F96
__HRAM                      (abs)        000000
__H__absolute__             __absolute__ 000000
__Habs1                     abs1         000000
__Hbank0                    bank0        000000
__Hbank1                    bank1        000000
__Hbank2                    bank2        000000
__Hbank3                    bank3        000000
__Hbank4                    bank4        000000
__Hbank5                    bank5        000000
__Hbank6                    bank6        000000
__Hbank7                    bank7        000000
__Hbigbss                   bigbss       000000
__Hbigdata                  bigdata      000000
__Hbigram                   bigram       000000
__Hbigsfr                   bigsfr       000000
__Hbss                      bss          000000
__HbssBANK0                 bssBANK0     000000
__HbssBANK1                 bssBANK1     000000
__HbssCOMRAM                bssCOMRAM    000000
__Hcinit                    cinit        000000
__Hclrtext                  clrtext      000000
__Hcomram                   comram       000000
__Hconfig                   config       30000E
__Hconst                    const        000000
__HcstackBANK0              cstackBANK0  000000
__HcstackCOMRAM             cstackCOMRAM 000000
__Hdata                     data         000000
__HdataBANK0                dataBANK0    000000
__Heeprom_data              eeprom_data  000000
__Hfarbss                   farbss       000000
__Hfardata                  fardata      000000
__Hheap                     heap         000000
__Hibigdata                 ibigdata     000000
__Hidata                    idata        000000
__HidataBANK0               idataBANK0   000000
__Hidloc                    idloc        000000
__Hifardata                 ifardata     000000
__Hinit                     init         000004
__Hintcode                  intcode      000000
__Hintcode_body             intcode_body 000000
__Hintcodelo                intcodelo    000000
__Hintentry                 intentry     000000
__Hintret                   intret       000000
__Hintsave_regs             intsave_regs 000000
__Hirdata                   irdata       000000
__Hmediumconst              mediumconst  000000
__HnvFARRAM                 nvFARRAM     000000
__Hnvbit                    nvbit        000000
__Hnvrram                   nvrram       000000
__Hparam                    rparam       000000
__Hpowerup                  powerup      000000
__Hram                      ram          000000
__Hramtop                   ramtop       000800
__Hrbit                     rbit         000000
__Hrbss                     rbss         000000
__Hrdata                    rdata        000000
__Hreset_vec                reset_vec    000000
__Hrparam                   rparam       000000
__Hsfr                      sfr          000000
__Hsmallconst               smallconst   000846
__Hspace_0                  (abs)        003464
__Hspace_1                  (abs)        000150
__Hspace_2                  (abs)        000000
__Hspace_4                  (abs)        60000E
__Hstack                    stack        000000
__Hstruct                   struct       000000
__Htemp                     temp         000000
__Htext                     text         000000
__Htext0                    text0        000000
__Htext1                    text1        000000
__Htext10                   text10       000000
__Htext11                   text11       000000
__Htext12                   text12       000000
__Htext13                   text13       000000
__Htext14                   text14       000000
__Htext15                   text15       000000
__Htext16                   text16       000000
__Htext17                   text17       000000
__Htext18                   text18       000000
__Htext19                   text19       000000
__Htext2                    text2        000000
__Htext20                   text20       000000
__Htext21                   text21       000000
__Htext22                   text22       000000
__Htext23                   text23       000000
__Htext24                   text24       000000
__Htext25                   text25       000000
__Htext26                   text26       000000
__Htext27                   text27       000000
__Htext28                   text28       000000
__Htext29                   text29       000000
__Htext3                    text3        000000
__Htext30                   text30       000000
__Htext31                   text31       000000
__Htext32                   text32       000000
__Htext33                   text33       000000
__Htext34                   text34       000000
__Htext35                   text35       000000
__Htext36                   text36       000000
__Htext37                   text37       000000
__Htext38                   text38       000000
__Htext4                    text4        000000
__Htext5                    text5        000000
__Htext6                    text6        000000
__Htext7                    text7        000000
__Htext8                    text8        000000
__Htext9                    text9        000000
__LRAM                      (abs)        000001
__L__absolute__             __absolute__ 000000
__Labs1                     abs1         000000
__Lbank0                    bank0        000000
__Lbank1                    bank1        000000
__Lbank2                    bank2        000000
__Lbank3                    bank3        000000
__Lbank4                    bank4        000000
__Lbank5                    bank5        000000
__Lbank6                    bank6        000000
__Lbank7                    bank7        000000
__Lbigbss                   bigbss       000000
__Lbigdata                  bigdata      000000
__Lbigram                   bigram       000000
__Lbigsfr                   bigsfr       000000
__Lbss                      bss          000000
__LbssBANK0                 bssBANK0     000000
__LbssBANK1                 bssBANK1     000000
__LbssCOMRAM                bssCOMRAM    000000
__Lcinit                    cinit        000000
__Lclrtext                  clrtext      000000
__Lcomram                   comram       000000
__Lconfig                   config       000000
__Lconst                    const        000000
__LcstackBANK0              cstackBANK0  000000
__LcstackCOMRAM             cstackCOMRAM 000000
__Ldata                     data         000000
__LdataBANK0                dataBANK0    000000
__Leeprom_data              eeprom_data  000000
__Lfarbss                   farbss       000000
__Lfardata                  fardata      000000
__Lheap                     heap         000000
__Libigdata                 ibigdata     000000
__Lidata                    idata        000000
__LidataBANK0               idataBANK0   000000
__Lidloc                    idloc        000000
__Lifardata                 ifardata     000000
__Linit                     init         000000
__Lintcode                  intcode      000000
__Lintcode_body             intcode_body 000000
__Lintcodelo                intcodelo    000000
__Lintentry                 intentry     000000
__Lintret                   intret       000000
__Lintsave_regs             intsave_regs 000000
__Lirdata                   irdata       000000
__Lmediumconst              mediumconst  000000
__LnvFARRAM                 nvFARRAM     000000
__Lnvbit                    nvbit        000000
__Lnvrram                   nvrram       000000
__Lparam                    rparam       000000
__Lpowerup                  powerup      000000
__Lram                      ram          000000
__Lramtop                   ramtop       000800
__Lrbit                     rbit         000000
__Lrbss                     rbss         000000
__Lrdata                    rdata        000000
__Lreset_vec                reset_vec    000000
__Lrparam                   rparam       000000
__Lsfr                      sfr          000000
__Lsmallconst               smallconst   000800
__Lspace_0                  (abs)        000000
__Lspace_1                  (abs)        000000
__Lspace_2                  (abs)        000000
__Lspace_4                  (abs)        000000
__Lstack                    stack        000000
__Lstruct                   struct       000000
__Ltemp                     temp         000000
__Ltext                     text         000000
__Ltext0                    text0        000000
__Ltext1                    text1        000000
__Ltext10                   text10       000000
__Ltext11                   text11       000000
__Ltext12                   text12       000000
__Ltext13                   text13       000000
__Ltext14                   text14       000000
__Ltext15                   text15       000000
__Ltext16                   text16       000000
__Ltext17                   text17       000000
__Ltext18                   text18       000000
__Ltext19                   text19       000000
__Ltext2                    text2        000000
__Ltext20                   text20       000000
__Ltext21                   text21       000000
__Ltext22                   text22       000000
__Ltext23                   text23       000000
__Ltext24                   text24       000000
__Ltext25                   text25       000000
__Ltext26                   text26       000000
__Ltext27                   text27       000000
__Ltext28                   text28       000000
__Ltext29                   text29       000000
__Ltext3                    text3        000000
__Ltext30                   text30       000000
__Ltext31                   text31       000000
__Ltext32                   text32       000000
__Ltext33                   text33       000000
__Ltext34                   text34       000000
__Ltext35                   text35       000000
__Ltext36                   text36       000000
__Ltext37                   text37       000000
__Ltext38                   text38       000000
__Ltext4                    text4        000000
__Ltext5                    text5        000000
__Ltext6                    text6        000000
__Ltext7                    text7        000000
__Ltext8                    text8        000000
__Ltext9                    text9        000000
__S0                        (abs)        003464
__S1                        (abs)        000150
__S4                        (abs)        000000
__S5                        (abs)        000000
___fladd                    text21       0012AA
___fladd@a                  cstackCOMRAM 000005
___fladd@aexp               cstackCOMRAM 00000E
___fladd@b                  cstackCOMRAM 000001
___fladd@bexp               cstackCOMRAM 00000F
___fladd@grs                cstackCOMRAM 000010
___fladd@signs              cstackCOMRAM 00000D
___fldiv                    text26       001B94
___fldiv@a                  cstackCOMRAM 000005
___fldiv@aexp               cstackCOMRAM 000019
___fldiv@b                  cstackCOMRAM 000001
___fldiv@bexp               cstackCOMRAM 000018
___fldiv@grs                cstackCOMRAM 000014
___fldiv@new_exp            cstackCOMRAM 000012
___fldiv@rem                cstackCOMRAM 00000D
___fldiv@sign               cstackCOMRAM 000011
___fleq                     text25       002D9C
___fleq@ff1                 cstackCOMRAM 000001
___fleq@ff2                 cstackCOMRAM 000005
___flge                     text24       002938
___flge@ff1                 cstackCOMRAM 00001A
___flge@ff2                 cstackCOMRAM 00001E
___flmul                    text23       00176A
___flmul@a                  cstackCOMRAM 000005
___flmul@aexp               cstackCOMRAM 000012
___flmul@b                  cstackCOMRAM 000001
___flmul@bexp               cstackCOMRAM 000013
___flmul@grs                cstackCOMRAM 00000E
___flmul@prod               cstackCOMRAM 000014
___flmul@sign               cstackCOMRAM 00000D
___flmul@temp               cstackCOMRAM 000018
___flneg                    text22       00335C
___flneg@f1                 cstackCOMRAM 000001
___flsub                    text20       003292
___flsub@a                  cstackCOMRAM 00001E
___flsub@b                  cstackCOMRAM 00001A
___fltol                    text19       002832
___fltol@exp1               cstackCOMRAM 00000A
___fltol@f1                 cstackCOMRAM 000001
___fltol@sign1              cstackCOMRAM 000009
___fpclassifyf              text18       002A3C
___fpclassifyf@F465         bssBANK0     00009E
___fpclassifyf@e            cstackCOMRAM 000009
___fpclassifyf@u            cstackCOMRAM 00000B
___fpclassifyf@x            cstackCOMRAM 000001
___heap_hi                  (abs)        000000
___heap_lo                  (abs)        000000
___inthi_sp                 stack        000000
___intlo_sp                 stack        000000
___lwdiv                    text6        002FC0
___lwdiv@counter            cstackCOMRAM 000007
___lwdiv@dividend           cstackCOMRAM 000001
___lwdiv@divisor            cstackCOMRAM 000003
___lwdiv@quotient           cstackCOMRAM 000005
___lwmod                    text5        00309A
___lwmod@counter            cstackCOMRAM 000005
___lwmod@dividend           cstackCOMRAM 000001
___lwmod@divisor            cstackCOMRAM 000003
___param_bank               (abs)        000000
___rparam_used              (abs)        000001
___sp                       stack        000000
___wmul                     text8        0033C8
___wmul@multiplicand        cstackCOMRAM 000003
___wmul@multiplier          cstackCOMRAM 000001
___wmul@product             cstackCOMRAM 000005
__accesstop                 (abs)        000060
__activetblptr              (abs)        000002
__end_of_InitPort           text38       00345C
__end_of_Lcd_Blink          text35       003454
__end_of_Lcd_Clear          text34       003446
__end_of_Lcd_Cmd            text36       00340E
__end_of_Lcd_Init           text33       002EC8
__end_of_Lcd_NoBlink        text32       003438
__end_of_Lcd_Port           text37       00315A
__end_of_Lcd_Set_Cursor     text31       002C0C
__end_of_Lcd_Shift_Left     text30       00342A
__end_of_Lcd_Shift_Right    text29       00341C
__end_of_Lcd_Write_Char     text28       0033C8
__end_of_Lcd_Write_String   text27       002F46
__end_of___fladd            text21       00176A
__end_of___fldiv            text26       001F2E
__end_of___fleq             text25       002E46
__end_of___flge             text24       002A3C
__end_of___flmul            text23       001B94
__end_of___flneg            text22       003394
__end_of___flsub            text20       0032D8
__end_of___fltol            text19       002938
__end_of___fpclassifyf      text18       002B3A
__end_of___lwdiv            text6        003034
__end_of___lwmod            text5        0030FE
__end_of___wmul             text8        0033EE
__end_of__initialization    cinit        003288
__end_of_efgtoa             text9        0012AA
__end_of_floorf             text17       00270A
__end_of_fputc              text13       002CD6
__end_of_fputs              text12       00331C
__end_of_labs               text16       00309A
__end_of_main               text0        0024F8
__end_of_memcpy             text15       00324A
__end_of_pad                text11       002FC0
__end_of_putch              text14       003464
__end_of_read_prec_or_width text7        002D9C
__end_of_sprintf            text1        0031AA
__end_of_strcpy             text10       00335C
__end_of_utoa               text4        002832
__end_of_vfpfcnvrt          text3        0022BE
__end_of_vfprintf           text2        0031FA
__initialization            cinit        00324A
__mediumconst               mediumconst  000000
__pbssBANK0                 bssBANK0     00009A
__pbssBANK1                 bssBANK1     000100
__pbssCOMRAM                bssCOMRAM    00005C
__pcinit                    cinit        00324A
__pcstackBANK0              cstackBANK0  000060
__pcstackCOMRAM             cstackCOMRAM 000001
__pdataBANK0                dataBANK0    0000B8
__pidataBANK0               idataBANK0   00345C
__psmallconst               smallconst   000800
__ptext0                    text0        0022BE
__ptext1                    text1        00315A
__ptext10                   text10       00331C
__ptext11                   text11       002F46
__ptext12                   text12       0032D8
__ptext13                   text13       002C0C
__ptext14                   text14       003462
__ptext15                   text15       0031FA
__ptext16                   text16       003034
__ptext17                   text17       0024F8
__ptext18                   text18       002A3C
__ptext19                   text19       002832
__ptext2                    text2        0031AA
__ptext20                   text20       003292
__ptext21                   text21       0012AA
__ptext22                   text22       00335C
__ptext23                   text23       00176A
__ptext24                   text24       002938
__ptext25                   text25       002D9C
__ptext26                   text26       001B94
__ptext27                   text27       002EC8
__ptext28                   text28       003394
__ptext29                   text29       00340E
__ptext3                    text3        001F2E
__ptext30                   text30       00341C
__ptext31                   text31       002B3A
__ptext32                   text32       00342A
__ptext33                   text33       002E46
__ptext34                   text34       003438
__ptext35                   text35       003446
__ptext36                   text36       0033EE
__ptext37                   text37       0030FE
__ptext38                   text38       003454
__ptext4                    text4        00270A
__ptext5                    text5        00309A
__ptext6                    text6        002FC0
__ptext7                    text7        002CD6
__ptext8                    text8        0033C8
__ptext9                    text9        000846
__ramtop                    ramtop       000800
__smallconst                smallconst   000800
_buffer                     bssBANK0     0000A4
_dbuf                       bssBANK1     000100
_efgtoa                     text9        000846
_efgtoa$819                 cstackBANK0  000066
_flags                      bssCOMRAM    00005E
_floorf                     text17       0024F8
_fputc                      text13       002C0C
_fputs                      text12       0032D8
_labs                       text16       003034
_main                       text0        0022BE
_memcpy                     text15       0031FA
_pad                        text11       002F46
_prec                       bssCOMRAM    00005C
_putch                      text14       003462
_read_prec_or_width         text7        002CD6
_sprintf                    text1        00315A
_strcpy                     text10       00331C
_t                          dataBANK0    0000B8
_utoa                       text4        00270A
_v                          dataBANK0    0000BC
_vfpfcnvrt                  text3        001F2E
_vfprintf                   text2        0031AA
_width                      bssBANK0     0000A2
efgtoa@c                    cstackCOMRAM 000034
efgtoa@d                    cstackBANK0  00006B
efgtoa@e                    cstackBANK0  00006F
efgtoa@f                    cstackCOMRAM 000030
efgtoa@fp                   cstackCOMRAM 00002E
efgtoa@g                    cstackBANK0  000082
efgtoa@h                    cstackBANK0  000077
efgtoa@i                    cstackBANK0  00007F
efgtoa@l                    cstackBANK0  00007B
efgtoa@m                    cstackBANK0  00006D
efgtoa@mode                 cstackBANK0  000069
efgtoa@n                    cstackBANK0  000086
efgtoa@ne                   cstackBANK0  000060
efgtoa@nmode                cstackBANK0  00006A
efgtoa@ou                   cstackBANK0  000073
efgtoa@p                    cstackBANK0  000062
efgtoa@pp                   cstackBANK0  000068
efgtoa@sign                 cstackBANK0  000081
efgtoa@t                    cstackBANK0  000064
efgtoa@u                    cstackBANK0  000088
efgtoa@w                    cstackBANK0  000071
end_of_initialization       cinit        003288
floorf@F526                 bssBANK0     00009A
floorf@e                    cstackCOMRAM 000028
floorf@m                    cstackCOMRAM 000024
floorf@u                    cstackCOMRAM 00002A
floorf@x                    cstackCOMRAM 00001A
fputc@c                     cstackCOMRAM 000001
fputc@fp                    cstackCOMRAM 000003
fputs@c                     cstackCOMRAM 00000E
fputs@fp                    cstackCOMRAM 00000C
fputs@i                     cstackCOMRAM 00000F
fputs@s                     cstackCOMRAM 00000A
intlevel0                   text         000000
intlevel1                   text         000000
intlevel2                   text         000000
intlevel3                   text         000000
isa$std                     (abs)        000001
isa$xinst                   (abs)        000000
labs@a                      cstackCOMRAM 000001
main@i                      cstackCOMRAM 00005A
main@i_113                  cstackCOMRAM 00005B
memcpy@d                    cstackCOMRAM 000007
memcpy@d1                   cstackCOMRAM 000001
memcpy@n                    cstackCOMRAM 000005
memcpy@s                    cstackCOMRAM 000009
memcpy@s1                   cstackCOMRAM 000003
memcpy@tmp                  cstackCOMRAM 00000B
pad@buf                     cstackCOMRAM 000013
pad@fp                      cstackCOMRAM 000011
pad@i                       cstackCOMRAM 000018
pad@p                       cstackCOMRAM 000015
pad@w                       cstackCOMRAM 00001A
read_prec_or_width@ap       cstackCOMRAM 000009
read_prec_or_width@c        cstackCOMRAM 00000D
read_prec_or_width@fmt      cstackCOMRAM 000007
read_prec_or_width@n        cstackCOMRAM 00000E
sprintf@ap                  cstackCOMRAM 00004A
sprintf@f                   cstackCOMRAM 00004C
sprintf@fmt                 cstackBANK0  000094
sprintf@s                   cstackBANK0  000092
stackhi                     (abs)        000000
stacklo                     (abs)        000000
start                       init         000000
start_initialization        cinit        00324A
strcpy@d                    cstackCOMRAM 000007
strcpy@dest                 cstackCOMRAM 000001
strcpy@s                    cstackCOMRAM 000005
strcpy@src                  cstackCOMRAM 000003
utoa@d                      cstackCOMRAM 00001E
utoa@fp                     cstackCOMRAM 00001C
utoa@i                      cstackCOMRAM 000024
utoa@p                      cstackCOMRAM 000020
utoa@w                      cstackCOMRAM 000022
vfpfcnvrt@ap                cstackCOMRAM 00003B
vfpfcnvrt@c                 cstackCOMRAM 000045
vfpfcnvrt@convarg           cstackCOMRAM 000041
vfpfcnvrt@cp                cstackCOMRAM 000046
vfpfcnvrt@done              cstackCOMRAM 00003F
vfpfcnvrt@fmt               cstackCOMRAM 000039
vfpfcnvrt@fp                cstackCOMRAM 000037
vfprintf@ap                 cstackBANK0  000090
vfprintf@cfmt               cstackCOMRAM 000048
vfprintf@fmt                cstackBANK0  00008E
vfprintf@fp                 cstackBANK0  00008C


MODULE INFORMATION

Module		Function		Class		Link	Load	Size
C:\Program Files\Microchip\xc8\v2.41\pic\sources\c99\common\__fpclassifyf.c
		___fpclassifyf 		CODE           	2A3C	0000	254

C:\Program Files\Microchip\xc8\v2.41\pic\sources\c99\common\__fpclassifyf.c estimated size: 254

C:\Program Files\Microchip\xc8\v2.41\pic\sources\c99\common\floorf.c
		_floorf        		CODE           	24F8	0000	530

C:\Program Files\Microchip\xc8\v2.41\pic\sources\c99\common\floorf.c estimated size: 530

C:\Program Files\Microchip\xc8\v2.41\pic\sources\c99\common\flge.c
		___flge        		CODE           	2938	0000	260

C:\Program Files\Microchip\xc8\v2.41\pic\sources\c99\common\flge.c estimated size: 260

C:\Program Files\Microchip\xc8\v2.41\pic\sources\c99\common\fltol.c
		___fltol       		CODE           	2832	0000	262

C:\Program Files\Microchip\xc8\v2.41\pic\sources\c99\common\fltol.c estimated size: 262

C:\Program Files\Microchip\xc8\v2.41\pic\sources\c99\common\nf_fputc.c
		_fputc         		CODE           	2C0C	0000	202

C:\Program Files\Microchip\xc8\v2.41\pic\sources\c99\common\nf_fputc.c estimated size: 202

C:\Program Files\Microchip\xc8\v2.41\pic\sources\c99\common\strcpy.c
		_strcpy        		CODE           	331C	0000	64

C:\Program Files\Microchip\xc8\v2.41\pic\sources\c99\common\strcpy.c estimated size: 64

C:\Program Files\Microchip\xc8\v2.41\pic\sources\c99\common\nf_sprintf.c
		_sprintf       		CODE           	315A	0000	80

C:\Program Files\Microchip\xc8\v2.41\pic\sources\c99\common\nf_sprintf.c estimated size: 80

C:\Program Files\Microchip\xc8\v2.41\pic\sources\c99\common\sprcadd.c
		___flsub       		CODE           	3292	0000	70
		___fladd       		CODE           	12AA	0000	1216

C:\Program Files\Microchip\xc8\v2.41\pic\sources\c99\common\sprcadd.c estimated size: 1286

main_lcd.c
		_InitPort      		CODE           	3454	0000	8
		_main          		CODE           	22BE	0000	570

main_lcd.c estimated size: 578

C:\Program Files\Microchip\xc8\v2.41\pic\sources\c99\common\lwdiv.c
		___lwdiv       		CODE           	2FC0	0000	116

C:\Program Files\Microchip\xc8\v2.41\pic\sources\c99\common\lwdiv.c estimated size: 116

C:\Program Files\Microchip\xc8\v2.41\pic\sources\c99\common\doprnt.c
		_read_prec_or_width		CODE           	2CD6	0000	198
		_vfpfcnvrt     		CODE           	1F2E	0000	912
		_efgtoa        		CODE           	0846	0000	2660
		_pad           		CODE           	2F46	0000	122
		_vfprintf      		CODE           	31AA	0000	80
		_utoa          		CODE           	270A	0000	296

C:\Program Files\Microchip\xc8\v2.41\pic\sources\c99\common\doprnt.c estimated size: 4268

C:\Program Files\Microchip\xc8\v2.41\pic\sources\c99\common\flneg.c
		___flneg       		CODE           	335C	0000	56

C:\Program Files\Microchip\xc8\v2.41\pic\sources\c99\common\flneg.c estimated size: 56

C:\Program Files\Microchip\xc8\v2.41\pic\sources\c99\common\fleq.c
		___fleq        		CODE           	2D9C	0000	170

C:\Program Files\Microchip\xc8\v2.41\pic\sources\c99\common\fleq.c estimated size: 170

shared
		__initialization		CODE           	324A	0000	62

shared estimated size: 62

C:\Program Files\Microchip\xc8\v2.41\pic\sources\c99\common\memcpy.c
		_memcpy        		CODE           	31FA	0000	80

C:\Program Files\Microchip\xc8\v2.41\pic\sources\c99\common\memcpy.c estimated size: 80

lcd.c
		_Lcd_Write_String		CODE           	2EC8	0000	126
		_Lcd_Shift_Left		CODE           	341C	0000	14
		_Lcd_Init      		CODE           	2E46	0000	130
		_Lcd_Write_Char		CODE           	3394	0000	52
		_Lcd_Blink     		CODE           	3446	0000	14
		_Lcd_Cmd       		CODE           	33EE	0000	32
		_Lcd_Shift_Right		CODE           	340E	0000	14
		_Lcd_NoBlink   		CODE           	342A	0000	14
		_Lcd_Set_Cursor		CODE           	2B3A	0000	210
		_Lcd_Clear     		CODE           	3438	0000	14
		_Lcd_Port      		CODE           	30FE	0000	92

lcd.c estimated size: 712

C:\Program Files\Microchip\xc8\v2.41\pic\sources\c99\common\Umul16.c
		___wmul        		CODE           	33C8	0000	38

C:\Program Files\Microchip\xc8\v2.41\pic\sources\c99\common\Umul16.c estimated size: 38

C:\Program Files\Microchip\xc8\v2.41\pic\sources\c99\common\putch.c
		_putch         		CODE           	3462	0000	2

C:\Program Files\Microchip\xc8\v2.41\pic\sources\c99\common\putch.c estimated size: 2

C:\Program Files\Microchip\xc8\v2.41\pic\sources\c99\common\nf_fputs.c
		_fputs         		CODE           	32D8	0000	68

C:\Program Files\Microchip\xc8\v2.41\pic\sources\c99\common\nf_fputs.c estimated size: 68

C:\Program Files\Microchip\xc8\v2.41\pic\sources\c99\common\labs.c
		_labs          		CODE           	3034	0000	102

C:\Program Files\Microchip\xc8\v2.41\pic\sources\c99\common\labs.c estimated size: 102

C:\Program Files\Microchip\xc8\v2.41\pic\sources\c99\common\sprcmul.c
		___flmul       		CODE           	176A	0000	1066

C:\Program Files\Microchip\xc8\v2.41\pic\sources\c99\common\sprcmul.c estimated size: 1066

C:\Program Files\Microchip\xc8\v2.41\pic\sources\c99\common\sprcdiv.c
		___fldiv       		CODE           	1B94	0000	922

C:\Program Files\Microchip\xc8\v2.41\pic\sources\c99\common\sprcdiv.c estimated size: 922

C:\Program Files\Microchip\xc8\v2.41\pic\sources\c99\common\lwmod.c
		___lwmod       		CODE           	309A	0000	100

C:\Program Files\Microchip\xc8\v2.41\pic\sources\c99\common\lwmod.c estimated size: 100

