Microchip MPLAB XC8 Compiler V2.41

Linker command line:

-W-3 \
  --edf=C:/Users/Miguel-Notebook/.mchp_packs/Microchip/PIC18F-K_DFP/1.9.255/xc8\pic\dat\20230322203701_en.msgs \
  -cn -h+dist/default/debug\adc_lcd.X.debug.sym \
  --cmf=dist/default/debug\adc_lcd.X.debug.cmf -z -Q18F45K50 \
  -oC:\Users\MIGUEL~1\AppData\Local\Temp\xcAsco8.\driver_tmp_3.o \
  --defsym=__MPLAB_BUILD=1 --fixupoverflow=error \
  -Mdist/default/debug/adc_lcd.X.debug.map \
  --md=C:\Users\MIGUEL~1\AppData\Local\Temp\xcAsco8.\driver_tmp_0.dat -E1 \
  -ver=XC8 Compiler --acfsm=1493 -ACODE=00h-07FFFh -ACONST=00h-07FFFh \
  -ASMALLCONST=0800h-08FFhx120 -AMEDIUMCONST=0800h-07FFFh -ACOMRAM=01h-05Fh \
  -AABS1=00h-07FFh -ABIGRAM=01h-07FFh -ARAM=060h-0FFh,0100h-01FFhx7 \
  -ABANK0=060h-0FFh -ABANK1=0100h-01FFh -ABANK2=0200h-02FFh \
  -ABANK3=0300h-03FFh -ABANK4=0400h-04FFh -ABANK5=0500h-05FFh \
  -ABANK6=0600h-06FFh -ABANK7=0700h-07FFh -ASFR=0F53h-0F5Fh,0F60h-0FFFh \
  -ABIGSFR=0F53h-0FFFh -ACONFIG=0300000h-030000Dh -AIDLOC=0200000h-0200007h \
  -AEEDATA=0F00000h-0F000FFh -peeprom_data=EEDATA \
  -preset_vec=00h,intcode,intcodelo,powerup,init -pramtop=0800h \
  -psmallconst=SMALLCONST -pmediumconst=MEDIUMCONST -pconst=CONST \
  -AFARRAM=00h-00h \
  -prdata=COMRAM,nvrram=COMRAM,nvbit=COMRAM,rbss=COMRAM,rbit=COMRAM \
  -pfarbss=FARRAM,fardata=FARRAM,nvFARRAM=FARRAM \
  -pintsave_regs=BIGRAM,bigbss=BIGRAM,bigdata=BIGRAM -pbss=RAM \
  -pidata=CODE,irdata=CODE,ibigdata=CODE,ifardata=CODE -prparam=COMRAM \
  C:\Users\MIGUEL~1\AppData\Local\Temp\xcAsco8.\driver_tmp_14.o \
  dist/default/debug\adc_lcd.X.debug.o 

Object code version is 3.11

Machine type is 18F45K50



                Name                               Link     Load   Length Selector   Space Scale
C:\Users\MIGUEL~1\AppData\Local\Temp\xcAsco8.\driver_tmp_14.o
                config                           300000   300000        E        0       4
                init                                  0        0        4        0       0
dist/default/debug\adc_lcd.X.debug.o
                config                           300000   300000        E        0       4
                smallconst                          800      800       22      400       0
                text33                             2EDC     2EDC       5C      411       0
                text32                             31C2     31C2       20      411       0
                text31                             31F8     31F8        E      411       0
                text30                             2CA2     2CA2       82      411       0
                text29                             2A5C     2A5C       D2      411       0
                text28                             316C     316C       34      411       0
                text27                             30F4     30F4       40      411       0
                text26                             2380     2380      1B4      411       0
                text25                             31E2     31E2       16      411       0
                text24                             1B04     1B04      39A      411       0
                text23                             2BF8     2BF8       AA      411       0
                text22                             2768     2768      104      411       0
                text21                             16DA     16DA      42A      411       0
                text20                             3134     3134       38      411       0
                text19                             121A     121A      4C0      411       0
                text18                             302A     302A       46      411       0
                text17                             2662     2662      106      411       0
                text16                             286C     286C       FE      411       0
                text15                             216E     216E      212      411       0
                text14                             2E12     2E12       66      411       0
                text13                             2FDA     2FDA       50      411       0
                text12                             3206     3206        2      411       0
                text11                             2B2E     2B2E       CA      411       0
                text10                             3070     3070       44      411       0
                text9                              2D24     2D24       7A      411       0
                text8                              30B4     30B4       40      411       0
                text7                               822      822      9F8      411       0
                text6                              2D9E     2D9E       74      411       0
                text5                              2E78     2E78       64      411       0
                text4                              296A     296A       F2      411       0
                text3                              1E9E     1E9E      2D0      411       0
                text2                              2F38     2F38       52      411       0
                text1                              2F8A     2F8A       50      411       0
                text0                              2534     2534      12E      411       0
                cstackCOMRAM                          1        1       5F        1       1
                cstackBANK0                          60       60       59       60       1
                bssBANK1                            100      100       50      100       1
                bssBANK0                             B9       B9       27       60       1
                cinit                              31A0     31A0       22      411       0

TOTAL           Name                               Link     Load   Length     Space
        CLASS   CODE           
                init                                  0        0        4         0
                text33                             2EDC     2EDC       5C         0
                text32                             31C2     31C2       20         0
                text31                             31F8     31F8        E         0
                text30                             2CA2     2CA2       82         0
                text29                             2A5C     2A5C       D2         0
                text28                             316C     316C       34         0
                text27                             30F4     30F4       40         0
                text26                             2380     2380      1B4         0
                text25                             31E2     31E2       16         0
                text24                             1B04     1B04      39A         0
                text23                             2BF8     2BF8       AA         0
                text22                             2768     2768      104         0
                text21                             16DA     16DA      42A         0
                text20                             3134     3134       38         0
                text19                             121A     121A      4C0         0
                text18                             302A     302A       46         0
                text17                             2662     2662      106         0
                text16                             286C     286C       FE         0
                text15                             216E     216E      212         0
                text14                             2E12     2E12       66         0
                text13                             2FDA     2FDA       50         0
                text12                             3206     3206        2         0
                text11                             2B2E     2B2E       CA         0
                text10                             3070     3070       44         0
                text9                              2D24     2D24       7A         0
                text8                              30B4     30B4       40         0
                text7                               822      822      9F8         0
                text6                              2D9E     2D9E       74         0
                text5                              2E78     2E78       64         0
                text4                              296A     296A       F2         0
                text3                              1E9E     1E9E      2D0         0
                text2                              2F38     2F38       52         0
                text1                              2F8A     2F8A       50         0
                text0                              2534     2534      12E         0
                cinit                              31A0     31A0       22         0

        CLASS   CONST          

        CLASS   SMALLCONST     
                smallconst                          800      800       22         0

        CLASS   MEDIUMCONST    

        CLASS   COMRAM         
                cstackCOMRAM                          1        1       5F         1

        CLASS   ABS1           

        CLASS   BIGRAM         

        CLASS   RAM            

        CLASS   BANK0          
                cstackBANK0                          60       60       59         1
                bssBANK0                             B9       B9       27         1

        CLASS   BANK1          
                bssBANK1                            100      100       50         1

        CLASS   BANK2          

        CLASS   BANK3          

        CLASS   BANK4          

        CLASS   BANK5          

        CLASS   BANK6          

        CLASS   BANK7          

        CLASS   SFR            

        CLASS   BIGSFR         

        CLASS   CONFIG         
                config                           300000   300000        E         4

        CLASS   IDLOC          

        CLASS   EEDATA         

        CLASS   FARRAM         

        CLASS   HEAP           

        CLASS   STACK          



SEGMENTS        Name                           Load    Length   Top    Selector   Space  Class

                reset_vec                      000000  000004  000004         0       0  CODE    
                cstackCOMRAM                   000001  00005F  000060         1       1  COMRAM  
                cstackBANK0                    000060  000080  0000E0        60       1  BANK0   
                bssBANK1                       000100  000050  000150       100       1  BANK1   
                smallconst                     000800  000022  000822       400       0  SMALLCON
                text7                          000822  0029E6  003208       411       0  CODE    


UNUSED ADDRESS RANGES

        Name                Unused          Largest block    Delta
        BANK0            0000E0-0000FF               20
        BANK1            000150-0001FF               B0
        BANK2            000200-0002FF              100
        BANK3            000300-0003FF              100
        BANK4            000400-0004FF              100
        BANK5            000500-0005FF              100
        BANK6            000600-0006FF              100
        BANK7            000700-0007FF              100
        BIGRAM           0000E0-0000FF               20
                         000150-0007FF              6B0
        BIGSFR           000F53-000FFF               AD
        CODE             000004-0007FF              7FC
                         003208-007FFF             4DF8
        CONST            000004-0007FF              7FC
                         003208-007FFF             4DF8
        EEDATA           F00000-F000FF              100
        IDLOC            200000-200007                8
        MEDIUMCONST      003208-007FFF             4DF8
        RAM              0000E0-0000FF               20
                         000150-0007FF              100
        SFR              000F53-000FFF                D
        SMALLCONST       003208-007FFF              100

                                  Symbol Table

?___fladd                 cstackCOMRAM 000001
?___fldiv                 cstackCOMRAM 000028
?___flmul                 cstackCOMRAM 00000F
?___flneg                 cstackCOMRAM 000001
?___flsub                 cstackCOMRAM 000028
?___fltol                 cstackCOMRAM 000001
?___fpclassifyf           cstackCOMRAM 000001
?___lwdiv                 cstackCOMRAM 000001
?___lwmod                 cstackCOMRAM 000001
?___xxtofl                cstackCOMRAM 000001
?_floorf                  cstackCOMRAM 000041
?_labs                    cstackCOMRAM 000001
?_sprintf                 cstackBANK0  0000A1
?_vfprintf                cstackBANK0  000099
Lcd_Cmd@a                 cstackCOMRAM 000003
Lcd_Port@a                cstackCOMRAM 000001
Lcd_Set_Cursor@a          cstackCOMRAM 000005
Lcd_Set_Cursor@b          cstackCOMRAM 000004
Lcd_Set_Cursor@temp       cstackCOMRAM 000008
Lcd_Set_Cursor@y          cstackCOMRAM 000007
Lcd_Set_Cursor@z          cstackCOMRAM 000006
Lcd_Write_Char@a          cstackCOMRAM 000004
Lcd_Write_Char@temp       cstackCOMRAM 000002
Lcd_Write_Char@y          cstackCOMRAM 000003
Lcd_Write_String@a        cstackCOMRAM 000005
Lcd_Write_String@i        cstackCOMRAM 000007
_ADCON0                   (abs)        000FC2
_ADCON0bits               (abs)        000FC2
_ADCON1                   (abs)        000FC1
_ADCON2                   (abs)        000FC0
_ADRESH                   (abs)        000FC4
_ADRESL                   (abs)        000FC3
_ANSELAbits               (abs)        000F5B
_LATDbits                 (abs)        000F8C
_Lcd_Clear                text31       0031F8
_Lcd_Cmd                  text32       0031C2
_Lcd_Init                 text30       002CA2
_Lcd_Port                 text33       002EDC
_Lcd_Set_Cursor           text29       002A5C
_Lcd_Write_Char           text28       00316C
_Lcd_Write_String         text27       0030F4
_TRISAbits                (abs)        000F92
_TRISDbits                (abs)        000F95
__HRAM                    (abs)        000000
__H__absolute__           __absolute__ 000000
__Habs1                   abs1         000000
__Hbank0                  bank0        000000
__Hbank1                  bank1        000000
__Hbank2                  bank2        000000
__Hbank3                  bank3        000000
__Hbank4                  bank4        000000
__Hbank5                  bank5        000000
__Hbank6                  bank6        000000
__Hbank7                  bank7        000000
__Hbigbss                 bigbss       000000
__Hbigdata                bigdata      000000
__Hbigram                 bigram       000000
__Hbigsfr                 bigsfr       000000
__Hbss                    bss          000000
__HbssBANK0               bssBANK0     000000
__HbssBANK1               bssBANK1     000000
__Hcinit                  cinit        000000
__Hclrtext                clrtext      000000
__Hcomram                 comram       000000
__Hconfig                 config       30000E
__Hconst                  const        000000
__HcstackBANK0            cstackBANK0  000000
__HcstackCOMRAM           cstackCOMRAM 000000
__Hdata                   data         000000
__Heeprom_data            eeprom_data  000000
__Hfarbss                 farbss       000000
__Hfardata                fardata      000000
__Hheap                   heap         000000
__Hibigdata               ibigdata     000000
__Hidata                  idata        000000
__Hidloc                  idloc        000000
__Hifardata               ifardata     000000
__Hinit                   init         000004
__Hintcode                intcode      000000
__Hintcode_body           intcode_body 000000
__Hintcodelo              intcodelo    000000
__Hintentry               intentry     000000
__Hintret                 intret       000000
__Hintsave_regs           intsave_regs 000000
__Hirdata                 irdata       000000
__Hmediumconst            mediumconst  000000
__HnvFARRAM               nvFARRAM     000000
__Hnvbit                  nvbit        000000
__Hnvrram                 nvrram       000000
__Hparam                  rparam       000000
__Hpowerup                powerup      000000
__Hram                    ram          000000
__Hramtop                 ramtop       000800
__Hrbit                   rbit         000000
__Hrbss                   rbss         000000
__Hrdata                  rdata        000000
__Hreset_vec              reset_vec    000000
__Hrparam                 rparam       000000
__Hsfr                    sfr          000000
__Hsmallconst             smallconst   000822
__Hspace_0                (abs)        003208
__Hspace_1                (abs)        000150
__Hspace_2                (abs)        000000
__Hspace_4                (abs)        60000E
__Hstack                  stack        000000
__Hstruct                 struct       000000
__Htemp                   temp         000000
__Htext                   text         000000
__Htext0                  text0        000000
__Htext1                  text1        000000
__Htext10                 text10       000000
__Htext11                 text11       000000
__Htext12                 text12       000000
__Htext13                 text13       000000
__Htext14                 text14       000000
__Htext15                 text15       000000
__Htext16                 text16       000000
__Htext17                 text17       000000
__Htext18                 text18       000000
__Htext19                 text19       000000
__Htext2                  text2        000000
__Htext20                 text20       000000
__Htext21                 text21       000000
__Htext22                 text22       000000
__Htext23                 text23       000000
__Htext24                 text24       000000
__Htext25                 text25       000000
__Htext26                 text26       000000
__Htext27                 text27       000000
__Htext28                 text28       000000
__Htext29                 text29       000000
__Htext3                  text3        000000
__Htext30                 text30       000000
__Htext31                 text31       000000
__Htext32                 text32       000000
__Htext33                 text33       000000
__Htext4                  text4        000000
__Htext5                  text5        000000
__Htext6                  text6        000000
__Htext7                  text7        000000
__Htext8                  text8        000000
__Htext9                  text9        000000
__LRAM                    (abs)        000001
__L__absolute__           __absolute__ 000000
__Labs1                   abs1         000000
__Lbank0                  bank0        000000
__Lbank1                  bank1        000000
__Lbank2                  bank2        000000
__Lbank3                  bank3        000000
__Lbank4                  bank4        000000
__Lbank5                  bank5        000000
__Lbank6                  bank6        000000
__Lbank7                  bank7        000000
__Lbigbss                 bigbss       000000
__Lbigdata                bigdata      000000
__Lbigram                 bigram       000000
__Lbigsfr                 bigsfr       000000
__Lbss                    bss          000000
__LbssBANK0               bssBANK0     000000
__LbssBANK1               bssBANK1     000000
__Lcinit                  cinit        000000
__Lclrtext                clrtext      000000
__Lcomram                 comram       000000
__Lconfig                 config       000000
__Lconst                  const        000000
__LcstackBANK0            cstackBANK0  000000
__LcstackCOMRAM           cstackCOMRAM 000000
__Ldata                   data         000000
__Leeprom_data            eeprom_data  000000
__Lfarbss                 farbss       000000
__Lfardata                fardata      000000
__Lheap                   heap         000000
__Libigdata               ibigdata     000000
__Lidata                  idata        000000
__Lidloc                  idloc        000000
__Lifardata               ifardata     000000
__Linit                   init         000000
__Lintcode                intcode      000000
__Lintcode_body           intcode_body 000000
__Lintcodelo              intcodelo    000000
__Lintentry               intentry     000000
__Lintret                 intret       000000
__Lintsave_regs           intsave_regs 000000
__Lirdata                 irdata       000000
__Lmediumconst            mediumconst  000000
__LnvFARRAM               nvFARRAM     000000
__Lnvbit                  nvbit        000000
__Lnvrram                 nvrram       000000
__Lparam                  rparam       000000
__Lpowerup                powerup      000000
__Lram                    ram          000000
__Lramtop                 ramtop       000800
__Lrbit                   rbit         000000
__Lrbss                   rbss         000000
__Lrdata                  rdata        000000
__Lreset_vec              reset_vec    000000
__Lrparam                 rparam       000000
__Lsfr                    sfr          000000
__Lsmallconst             smallconst   000800
__Lspace_0                (abs)        000000
__Lspace_1                (abs)        000000
__Lspace_2                (abs)        000000
__Lspace_4                (abs)        000000
__Lstack                  stack        000000
__Lstruct                 struct       000000
__Ltemp                   temp         000000
__Ltext                   text         000000
__Ltext0                  text0        000000
__Ltext1                  text1        000000
__Ltext10                 text10       000000
__Ltext11                 text11       000000
__Ltext12                 text12       000000
__Ltext13                 text13       000000
__Ltext14                 text14       000000
__Ltext15                 text15       000000
__Ltext16                 text16       000000
__Ltext17                 text17       000000
__Ltext18                 text18       000000
__Ltext19                 text19       000000
__Ltext2                  text2        000000
__Ltext20                 text20       000000
__Ltext21                 text21       000000
__Ltext22                 text22       000000
__Ltext23                 text23       000000
__Ltext24                 text24       000000
__Ltext25                 text25       000000
__Ltext26                 text26       000000
__Ltext27                 text27       000000
__Ltext28                 text28       000000
__Ltext29                 text29       000000
__Ltext3                  text3        000000
__Ltext30                 text30       000000
__Ltext31                 text31       000000
__Ltext32                 text32       000000
__Ltext33                 text33       000000
__Ltext4                  text4        000000
__Ltext5                  text5        000000
__Ltext6                  text6        000000
__Ltext7                  text7        000000
__Ltext8                  text8        000000
__Ltext9                  text9        000000
__S0                      (abs)        003208
__S1                      (abs)        000150
__S4                      (abs)        000000
__S5                      (abs)        000000
___fladd                  text19       00121A
___fladd@a                cstackCOMRAM 000005
___fladd@aexp             cstackCOMRAM 00000E
___fladd@b                cstackCOMRAM 000001
___fladd@bexp             cstackCOMRAM 00000F
___fladd@grs              cstackCOMRAM 000010
___fladd@signs            cstackCOMRAM 00000D
___fldiv                  text24       001B04
___fldiv@a                cstackCOMRAM 00002C
___fldiv@aexp             cstackCOMRAM 000040
___fldiv@b                cstackCOMRAM 000028
___fldiv@bexp             cstackCOMRAM 00003F
___fldiv@grs              cstackCOMRAM 00003B
___fldiv@new_exp          cstackCOMRAM 000039
___fldiv@rem              cstackCOMRAM 000034
___fldiv@sign             cstackCOMRAM 000038
___fleq                   text23       002BF8
___fleq@ff1               cstackCOMRAM 000001
___fleq@ff2               cstackCOMRAM 000005
___flge                   text22       002768
___flge@ff1               cstackCOMRAM 000028
___flge@ff2               cstackCOMRAM 00002C
___flmul                  text21       0016DA
___flmul@a                cstackCOMRAM 000013
___flmul@aexp             cstackCOMRAM 000020
___flmul@b                cstackCOMRAM 00000F
___flmul@bexp             cstackCOMRAM 000021
___flmul@grs              cstackCOMRAM 00001C
___flmul@prod             cstackCOMRAM 000022
___flmul@sign             cstackCOMRAM 00001B
___flmul@temp             cstackCOMRAM 000026
___flneg                  text20       003134
___flneg@f1               cstackCOMRAM 000001
___flsub                  text18       00302A
___flsub@a                cstackCOMRAM 00002C
___flsub@b                cstackCOMRAM 000028
___fltol                  text17       002662
___fltol@exp1             cstackCOMRAM 00000A
___fltol@f1               cstackCOMRAM 000001
___fltol@sign1            cstackCOMRAM 000009
___fpclassifyf            text16       00286C
___fpclassifyf@F465       bssBANK0     0000BD
___fpclassifyf@e          cstackCOMRAM 000009
___fpclassifyf@u          cstackCOMRAM 00000B
___fpclassifyf@x          cstackCOMRAM 000001
___heap_hi                (abs)        000000
___heap_lo                (abs)        000000
___inthi_sp               stack        000000
___intlo_sp               stack        000000
___lwdiv                  text6        002D9E
___lwdiv@counter          cstackCOMRAM 000007
___lwdiv@dividend         cstackCOMRAM 000001
___lwdiv@divisor          cstackCOMRAM 000003
___lwdiv@quotient         cstackCOMRAM 000005
___lwmod                  text5        002E78
___lwmod@counter          cstackCOMRAM 000005
___lwmod@dividend         cstackCOMRAM 000001
___lwmod@divisor          cstackCOMRAM 000003
___param_bank             (abs)        000000
___rparam_used            (abs)        000001
___sp                     stack        000000
___xxtofl                 text26       002380
___xxtofl@arg             cstackCOMRAM 00000B
___xxtofl@exp             cstackCOMRAM 00000A
___xxtofl@sign            cstackCOMRAM 000009
___xxtofl@val             cstackCOMRAM 000001
__accesstop               (abs)        000060
__activetblptr            (abs)        000002
__end_of_Lcd_Clear        text31       003206
__end_of_Lcd_Cmd          text32       0031E2
__end_of_Lcd_Init         text30       002D24
__end_of_Lcd_Port         text33       002F38
__end_of_Lcd_Set_Cursor   text29       002B2E
__end_of_Lcd_Write_Char   text28       0031A0
__end_of_Lcd_Write_String text27       003134
__end_of___fladd          text19       0016DA
__end_of___fldiv          text24       001E9E
__end_of___fleq           text23       002CA2
__end_of___flge           text22       00286C
__end_of___flmul          text21       001B04
__end_of___flneg          text20       00316C
__end_of___flsub          text18       003070
__end_of___fltol          text17       002768
__end_of___fpclassifyf    text16       00296A
__end_of___lwdiv          text6        002E12
__end_of___lwmod          text5        002EDC
__end_of___xxtofl         text26       002534
__end_of__initialization  cinit        0031B8
__end_of_efgtoa           text7        00121A
__end_of_floorf           text15       002380
__end_of_fputc            text11       002BF8
__end_of_fputs            text10       0030B4
__end_of_labs             text14       002E78
__end_of_main             text0        002662
__end_of_memcpy           text13       00302A
__end_of_pad              text9        002D9E
__end_of_putch            text12       003208
__end_of_set_adc          text25       0031F8
__end_of_sprintf          text1        002FDA
__end_of_strcpy           text8        0030F4
__end_of_utoa             text4        002A5C
__end_of_vfpfcnvrt        text3        00216E
__end_of_vfprintf         text2        002F8A
__initialization          cinit        0031A0
__mediumconst             mediumconst  000000
__pbssBANK0               bssBANK0     0000B9
__pbssBANK1               bssBANK1     000100
__pcinit                  cinit        0031A0
__pcstackBANK0            cstackBANK0  000060
__pcstackCOMRAM           cstackCOMRAM 000001
__psmallconst             smallconst   000800
__ptext0                  text0        002534
__ptext1                  text1        002F8A
__ptext10                 text10       003070
__ptext11                 text11       002B2E
__ptext12                 text12       003206
__ptext13                 text13       002FDA
__ptext14                 text14       002E12
__ptext15                 text15       00216E
__ptext16                 text16       00286C
__ptext17                 text17       002662
__ptext18                 text18       00302A
__ptext19                 text19       00121A
__ptext2                  text2        002F38
__ptext20                 text20       003134
__ptext21                 text21       0016DA
__ptext22                 text22       002768
__ptext23                 text23       002BF8
__ptext24                 text24       001B04
__ptext25                 text25       0031E2
__ptext26                 text26       002380
__ptext27                 text27       0030F4
__ptext28                 text28       00316C
__ptext29                 text29       002A5C
__ptext3                  text3        001E9E
__ptext30                 text30       002CA2
__ptext31                 text31       0031F8
__ptext32                 text32       0031C2
__ptext33                 text33       002EDC
__ptext4                  text4        00296A
__ptext5                  text5        002E78
__ptext6                  text6        002D9E
__ptext7                  text7        000822
__ptext8                  text8        0030B4
__ptext9                  text9        002D24
__ramtop                  ramtop       000800
__smallconst              smallconst   000800
_buffer                   bssBANK0     0000CC
_dbuf                     bssBANK1     000100
_efgtoa                   text7        000822
_efgtoa$898               cstackBANK0  000066
_flags                    bssBANK0     0000CB
_floorf                   text15       00216E
_fputc                    text11       002B2E
_fputs                    text10       003070
_labs                     text14       002E12
_main                     text0        002534
_memcpy                   text13       002FDA
_pad                      text9        002D24
_prec                     bssBANK0     0000C7
_putch                    text12       003206
_set_adc                  text25       0031E2
_sprintf                  text1        002F8A
_strcpy                   text8        0030B4
_utoa                     text4        00296A
_v_adc                    bssBANK0     0000C9
_vfpfcnvrt                text3        001E9E
_vfprintf                 text2        002F38
_volt                     bssBANK0     0000C1
_width                    bssBANK0     0000C5
efgtoa@c                  cstackCOMRAM 00005B
efgtoa@d                  cstackBANK0  00006B
efgtoa@e                  cstackBANK0  00006F
efgtoa@f                  cstackCOMRAM 000057
efgtoa@fp                 cstackCOMRAM 000055
efgtoa@g                  cstackBANK0  000084
efgtoa@h                  cstackBANK0  000079
efgtoa@i                  cstackBANK0  000077
efgtoa@l                  cstackBANK0  00007D
efgtoa@m                  cstackBANK0  00006D
efgtoa@mode               cstackBANK0  000069
efgtoa@n                  cstackBANK0  000082
efgtoa@ne                 cstackBANK0  000060
efgtoa@nmode              cstackBANK0  00006A
efgtoa@ou                 cstackBANK0  000073
efgtoa@p                  cstackBANK0  000062
efgtoa@pp                 cstackBANK0  000068
efgtoa@sign               cstackBANK0  000081
efgtoa@t                  cstackBANK0  000064
efgtoa@u                  cstackBANK0  000088
efgtoa@w                  cstackBANK0  000071
end_of_initialization     cinit        0031B8
floorf@F526               bssBANK0     0000B9
floorf@e                  cstackCOMRAM 00004F
floorf@m                  cstackCOMRAM 00004B
floorf@u                  cstackCOMRAM 000051
floorf@x                  cstackCOMRAM 000041
fputc@c                   cstackCOMRAM 000001
fputc@fp                  cstackCOMRAM 000003
fputs@c                   cstackCOMRAM 00000E
fputs@fp                  cstackCOMRAM 00000C
fputs@i                   cstackCOMRAM 00000F
fputs@s                   cstackCOMRAM 00000A
intlevel0                 text         000000
intlevel1                 text         000000
intlevel2                 text         000000
intlevel3                 text         000000
isa$std                   (abs)        000001
isa$xinst                 (abs)        000000
labs@a                    cstackCOMRAM 000001
memcpy@d                  cstackCOMRAM 000007
memcpy@d1                 cstackCOMRAM 000001
memcpy@n                  cstackCOMRAM 000005
memcpy@s                  cstackCOMRAM 000009
memcpy@s1                 cstackCOMRAM 000003
memcpy@tmp                cstackCOMRAM 00000B
pad@buf                   cstackCOMRAM 000013
pad@fp                    cstackCOMRAM 000011
pad@i                     cstackCOMRAM 000018
pad@p                     cstackCOMRAM 000015
pad@w                     cstackCOMRAM 00001A
sprintf@ap                cstackBANK0  0000A9
sprintf@f                 cstackBANK0  0000AB
sprintf@fmt               cstackBANK0  0000A3
sprintf@s                 cstackBANK0  0000A1
stackhi                   (abs)        000000
stacklo                   (abs)        000000
start                     init         000000
start_initialization      cinit        0031A0
strcpy@d                  cstackCOMRAM 000007
strcpy@dest               cstackCOMRAM 000001
strcpy@s                  cstackCOMRAM 000005
strcpy@src                cstackCOMRAM 000003
utoa@d                    cstackCOMRAM 00001E
utoa@fp                   cstackCOMRAM 00001C
utoa@i                    cstackCOMRAM 000024
utoa@p                    cstackCOMRAM 000022
utoa@w                    cstackCOMRAM 000020
vfpfcnvrt@ap              cstackBANK0  000090
vfpfcnvrt@c               cstackBANK0  000096
vfpfcnvrt@convarg         cstackBANK0  000092
vfpfcnvrt@cp              cstackBANK0  000097
vfpfcnvrt@fmt             cstackBANK0  00008E
vfpfcnvrt@fp              cstackBANK0  00008C
vfprintf@ap               cstackBANK0  00009D
vfprintf@cfmt             cstackBANK0  00009F
vfprintf@fmt              cstackBANK0  00009B
vfprintf@fp               cstackBANK0  000099


MODULE INFORMATION

Module		Function		Class		Link	Load	Size
C:\Program Files\Microchip\xc8\v2.41\pic\sources\c99\common\__fpclassifyf.c
		___fpclassifyf 		CODE           	286C	0000	254

C:\Program Files\Microchip\xc8\v2.41\pic\sources\c99\common\__fpclassifyf.c estimated size: 254

C:\Program Files\Microchip\xc8\v2.41\pic\sources\c99\common\floorf.c
		_floorf        		CODE           	216E	0000	530

C:\Program Files\Microchip\xc8\v2.41\pic\sources\c99\common\floorf.c estimated size: 530

C:\Program Files\Microchip\xc8\v2.41\pic\sources\c99\common\flge.c
		___flge        		CODE           	2768	0000	260

C:\Program Files\Microchip\xc8\v2.41\pic\sources\c99\common\flge.c estimated size: 260

C:\Program Files\Microchip\xc8\v2.41\pic\sources\c99\common\fltol.c
		___fltol       		CODE           	2662	0000	262

C:\Program Files\Microchip\xc8\v2.41\pic\sources\c99\common\fltol.c estimated size: 262

C:\Program Files\Microchip\xc8\v2.41\pic\sources\c99\common\xxtofl.c
		___xxtofl      		CODE           	2380	0000	436

C:\Program Files\Microchip\xc8\v2.41\pic\sources\c99\common\xxtofl.c estimated size: 436

C:\Program Files\Microchip\xc8\v2.41\pic\sources\c99\common\nf_fputc.c
		_fputc         		CODE           	2B2E	0000	202

C:\Program Files\Microchip\xc8\v2.41\pic\sources\c99\common\nf_fputc.c estimated size: 202

C:\Program Files\Microchip\xc8\v2.41\pic\sources\c99\common\strcpy.c
		_strcpy        		CODE           	30B4	0000	64

C:\Program Files\Microchip\xc8\v2.41\pic\sources\c99\common\strcpy.c estimated size: 64

C:\Program Files\Microchip\xc8\v2.41\pic\sources\c99\common\nf_sprintf.c
		_sprintf       		CODE           	2F8A	0000	80

C:\Program Files\Microchip\xc8\v2.41\pic\sources\c99\common\nf_sprintf.c estimated size: 80

C:\Program Files\Microchip\xc8\v2.41\pic\sources\c99\common\sprcadd.c
		___flsub       		CODE           	302A	0000	70
		___fladd       		CODE           	121A	0000	1216

C:\Program Files\Microchip\xc8\v2.41\pic\sources\c99\common\sprcadd.c estimated size: 1286

C:\Program Files\Microchip\xc8\v2.41\pic\sources\c99\common\lwdiv.c
		___lwdiv       		CODE           	2D9E	0000	116

C:\Program Files\Microchip\xc8\v2.41\pic\sources\c99\common\lwdiv.c estimated size: 116

C:\Program Files\Microchip\xc8\v2.41\pic\sources\c99\common\doprnt.c
		_vfpfcnvrt     		CODE           	1E9E	0000	720
		_efgtoa        		CODE           	0822	0000	2552
		_pad           		CODE           	2D24	0000	122
		_vfprintf      		CODE           	2F38	0000	82
		_utoa          		CODE           	296A	0000	242

C:\Program Files\Microchip\xc8\v2.41\pic\sources\c99\common\doprnt.c estimated size: 3718

C:\Program Files\Microchip\xc8\v2.41\pic\sources\c99\common\flneg.c
		___flneg       		CODE           	3134	0000	56

C:\Program Files\Microchip\xc8\v2.41\pic\sources\c99\common\flneg.c estimated size: 56

C:\Program Files\Microchip\xc8\v2.41\pic\sources\c99\common\fleq.c
		___fleq        		CODE           	2BF8	0000	170

C:\Program Files\Microchip\xc8\v2.41\pic\sources\c99\common\fleq.c estimated size: 170

shared
		__initialization		CODE           	31A0	0000	24

shared estimated size: 24

adc_lcd.c
		_main          		CODE           	2534	0000	302
		_set_adc       		CODE           	31E2	0000	22

adc_lcd.c estimated size: 324

C:\Program Files\Microchip\xc8\v2.41\pic\sources\c99\common\memcpy.c
		_memcpy        		CODE           	2FDA	0000	80

C:\Program Files\Microchip\xc8\v2.41\pic\sources\c99\common\memcpy.c estimated size: 80

lcd.c
		_Lcd_Write_String		CODE           	30F4	0000	64
		_Lcd_Init      		CODE           	2CA2	0000	130
		_Lcd_Write_Char		CODE           	316C	0000	52
		_Lcd_Cmd       		CODE           	31C2	0000	32
		_Lcd_Set_Cursor		CODE           	2A5C	0000	210
		_Lcd_Clear     		CODE           	31F8	0000	14
		_Lcd_Port      		CODE           	2EDC	0000	92

lcd.c estimated size: 594

C:\Program Files\Microchip\xc8\v2.41\pic\sources\c99\common\putch.c
		_putch         		CODE           	3206	0000	2

C:\Program Files\Microchip\xc8\v2.41\pic\sources\c99\common\putch.c estimated size: 2

C:\Program Files\Microchip\xc8\v2.41\pic\sources\c99\common\nf_fputs.c
		_fputs         		CODE           	3070	0000	68

C:\Program Files\Microchip\xc8\v2.41\pic\sources\c99\common\nf_fputs.c estimated size: 68

C:\Program Files\Microchip\xc8\v2.41\pic\sources\c99\common\labs.c
		_labs          		CODE           	2E12	0000	102

C:\Program Files\Microchip\xc8\v2.41\pic\sources\c99\common\labs.c estimated size: 102

C:\Program Files\Microchip\xc8\v2.41\pic\sources\c99\common\sprcmul.c
		___flmul       		CODE           	16DA	0000	1066

C:\Program Files\Microchip\xc8\v2.41\pic\sources\c99\common\sprcmul.c estimated size: 1066

C:\Program Files\Microchip\xc8\v2.41\pic\sources\c99\common\sprcdiv.c
		___fldiv       		CODE           	1B04	0000	922

C:\Program Files\Microchip\xc8\v2.41\pic\sources\c99\common\sprcdiv.c estimated size: 922

C:\Program Files\Microchip\xc8\v2.41\pic\sources\c99\common\lwmod.c
		___lwmod       		CODE           	2E78	0000	100

C:\Program Files\Microchip\xc8\v2.41\pic\sources\c99\common\lwmod.c estimated size: 100

